[INFO] Scanning for projects...
[INFO] 
[INFO] ----------------------< com.healthcare:dashboard >----------------------
[INFO] Building Healthcare Dashboard Backend 1.0.0
[INFO]   from pom.xml
[INFO] --------------------------------[ jar ]---------------------------------
[INFO] 
[INFO] --- jacoco:0.8.11:prepare-agent (prepare-agent) @ dashboard ---
[INFO] argLine set to "-javaagent:C:\\Users\\ghbou\\.m2\\repository\\org\\jacoco\\org.jacoco.agent\\0.8.11\\org.jacoco.agent-0.8.11-runtime.jar=destfile=C:\\Users\\ghbou\\OneDrive\\Desktop\\Projet Flutter\\backend\\target\\jacoco.exec"
[INFO] 
[INFO] --- resources:3.3.1:resources (default-resources) @ dashboard ---
[INFO] Copying 1 resource from src\main\resources to target\classes
[INFO] Copying 0 resource from src\main\resources to target\classes
[INFO] 
[INFO] --- compiler:3.11.0:compile (default-compile) @ dashboard ---
[INFO] Nothing to compile - all classes are up to date
[INFO] 
[INFO] --- resources:3.3.1:testResources (default-testResources) @ dashboard ---
[INFO] Copying 2 resources from src\test\resources to target\test-classes
[INFO] 
[INFO] --- compiler:3.11.0:testCompile (default-testCompile) @ dashboard ---
[INFO] Changes detected - recompiling the module! :source
[INFO] Compiling 44 source files with javac [debug release 17] to target\test-classes
[INFO] -------------------------------------------------------------
[ERROR] COMPILATION ERROR : 
[INFO] -------------------------------------------------------------
[ERROR] /C:/Users/ghbou/OneDrive/Desktop/Projet Flutter/backend/src/test/java/com/healthcare/dashboard/services/SejourServiceTest.java:[222,16] cannot find symbol
  symbol:   method setMotifAdmission(java.lang.String)
  location: variable fullDTO of type com.healthcare.dashboard.dto.SejourDTO
[ERROR] /C:/Users/ghbou/OneDrive/Desktop/Projet Flutter/backend/src/test/java/com/healthcare/dashboard/services/SejourServiceTest.java:[223,16] cannot find symbol
  symbol:   method setNotes(java.lang.String)
  location: variable fullDTO of type com.healthcare.dashboard.dto.SejourDTO
[INFO] 2 errors 
[INFO] -------------------------------------------------------------
[INFO] ------------------------------------------------------------------------
[INFO] BUILD FAILURE
[INFO] ------------------------------------------------------------------------
[INFO] Total time:  6.097 s
[INFO] Finished at: 2025-12-24T03:23:24+01:00
[INFO] ------------------------------------------------------------------------
[ERROR] Failed to execute goal org.apache.maven.plugins:maven-compiler-plugin:3.11.0:testCompile (default-testCompile) on project dashboard: Compilation failure: Compilation failure: 
[ERROR] /C:/Users/ghbou/OneDrive/Desktop/Projet Flutter/backend/src/test/java/com/healthcare/dashboard/services/SejourServiceTest.java:[222,16] cannot find symbol
[ERROR]   symbol:   method setMotifAdmission(java.lang.String)
[ERROR]   location: variable fullDTO of type com.healthcare.dashboard.dto.SejourDTO
[ERROR] /C:/Users/ghbou/OneDrive/Desktop/Projet Flutter/backend/src/test/java/com/healthcare/dashboard/services/SejourServiceTest.java:[223,16] cannot find symbol
[ERROR]   symbol:   method setNotes(java.lang.String)
[ERROR]   location: variable fullDTO of type com.healthcare.dashboard.dto.SejourDTO
[ERROR] -> [Help 1]
[ERROR] 
[ERROR] To see the full stack trace of the errors, re-run Maven with the -e switch.
[ERROR] Re-run Maven using the -X switch to enable full debug logging.
[ERROR] 
[ERROR] For more information about the errors and possible solutions, please read the following articles:
[ERROR] [Help 1] http://cwiki.apache.org/confluence/display/MAVEN/MojoFailureException
