[INFO] Scanning for projects...
[INFO] 
[INFO] ----------------------< com.healthcare:dashboard >----------------------
[INFO] Building Healthcare Dashboard Backend 1.0.0
[INFO]   from pom.xml
[INFO] --------------------------------[ jar ]---------------------------------
[INFO] 
[INFO] --- jacoco:0.8.11:prepare-agent (prepare-agent) @ dashboard ---
[INFO] argLine set to "-javaagent:C:\\Users\\ghbou\\.m2\\repository\\org\\jacoco\\org.jacoco.agent\\0.8.11\\org.jacoco.agent-0.8.11-runtime.jar=destfile=C:\\Users\\ghbou\\OneDrive\\Desktop\\Projet Flutter\\backend\\target\\jacoco.exec"
[INFO] 
[INFO] --- resources:3.3.1:resources (default-resources) @ dashboard ---
[INFO] Copying 1 resource from src\main\resources to target\classes
[INFO] Copying 0 resource from src\main\resources to target\classes
[INFO] 
[INFO] --- compiler:3.11.0:compile (default-compile) @ dashboard ---
[INFO] Nothing to compile - all classes are up to date
[INFO] 
[INFO] --- resources:3.3.1:testResources (default-testResources) @ dashboard ---
[INFO] Copying 2 resources from src\test\resources to target\test-classes
[INFO] 
[INFO] --- compiler:3.11.0:testCompile (default-testCompile) @ dashboard ---
[INFO] Nothing to compile - all classes are up to date
[INFO] 
[INFO] --- surefire:3.1.2:test (default-test) @ dashboard ---
[INFO] Using auto detected provider org.apache.maven.surefire.junitplatform.JUnitPlatformProvider
[INFO] 
[INFO] -------------------------------------------------------
[INFO]  T E S T S
[INFO] -------------------------------------------------------
[INFO] Running com.healthcare.dashboard.config.RestTemplateConfigTest
[INFO] Tests run: 2, Failures: 0, Errors: 0, Skipped: 0, Time elapsed: 0.956 s -- in com.healthcare.dashboard.config.RestTemplateConfigTest
[INFO] Running com.healthcare.dashboard.controllers.ActeMedicalControllerTest
21:44:08.927 [main] INFO org.springframework.test.context.support.AnnotationConfigContextLoaderUtils -- Could not detect default configuration classes for test class [com.healthcare.dashboard.controllers.ActeMedicalControllerTest]: ActeMedicalControllerTest does not declare any static, non-private, non-final, nested classes annotated with @Configuration.
21:44:09.217 [main] INFO org.springframework.boot.test.context.SpringBootTestContextBootstrapper -- Found @SpringBootConfiguration com.healthcare.dashboard.HealthcareDashboardApplication for test class com.healthcare.dashboard.controllers.ActeMedicalControllerTest
21:44:09.367 [main] INFO org.springframework.boot.devtools.restart.RestartApplicationListener -- Restart disabled due to context in which it is running

  .   ____          _            __ _ _
 /\\ / ___'_ __ _ _(_)_ __  __ _ \ \ \ \
( ( )\___ | '_ | '_| | '_ \/ _` | \ \ \ \
 \\/  ___)| |_)| | | | | || (_| |  ) ) ) )
  '  |____| .__|_| |_|_| |_\__, | / / / /
 =========|_|==============|___/=/_/_/_/
 :: Spring Boot ::                (v3.2.0)

2025-12-23T21:44:10.027+01:00  INFO 39108 --- [           main] c.h.d.c.ActeMedicalControllerTest        : Starting ActeMedicalControllerTest using Java 22.0.2 with PID 39108 (started by ghbou in C:\Users\ghbou\OneDrive\Desktop\Projet Flutter\backend)
2025-12-23T21:44:10.029+01:00 DEBUG 39108 --- [           main] c.h.d.c.ActeMedicalControllerTest        : Running with Spring Boot v3.2.0, Spring v6.1.1
2025-12-23T21:44:10.029+01:00  INFO 39108 --- [           main] c.h.d.c.ActeMedicalControllerTest        : No active profile set, falling back to 1 default profile: "default"
mvn : Java HotSpot(TM) 
64-Bit Server VM 
warning: Sharing is 
only supported for 
boot loader classes 
because bootstrap 
classpath has been 
appended
Au caractère Ligne:1 : 
1
+ mvn test 2>&1 > 
test_output.txt; 
Select-String -Path 
test_output.txt  ...
+ ~~~~~~~~~~~~~~~~~~~~~
~~~~~~~~~~
    + CategoryInfo     
         : NotSpecifi  
  ed: (Java HotSpot(   
 TM...s been append    
ed:String) [], Rem    
oteException
    + FullyQualifiedEr 
   rorId : NativeComm  
  andError
 
WARNING: A Java agent 
has been loaded 
dynamically (C:\Users\g
hbou\.m2\repository\net
\bytebuddy\byte-buddy-a
gent\1.14.10\byte-buddy
-agent-1.14.10.jar)
WARNING: If a 
serviceability tool is 
in use, please run 
with -XX:+EnableDynamic
AgentLoading to hide 
this warning
WARNING: If a 
serviceability tool is 
not in use, please run 
with -Djdk.instrument.t
raceUsage for more 
information
WARNING: Dynamic 
loading of agents will 
be disallowed by 
default in a future 
release
2025-12-23T21:44:14.201+01:00  INFO 39108 --- [           main] o.s.s.web.DefaultSecurityFilterChain     : Will secure any request with [org.springframework.security.web.session.DisableEncodeUrlFilter@73ff16a1, org.springframework.security.web.context.request.async.WebAsyncManagerIntegrationFilter@26f6ed79, org.springframework.security.web.context.SecurityContextHolderFilter@74b57299, org.springframework.security.web.header.HeaderWriterFilter@26a8e303, org.springframework.web.filter.CorsFilter@315203b1, org.springframework.security.web.csrf.CsrfFilter@6a24b9e2, org.springframework.security.web.authentication.logout.LogoutFilter@5f56d7bd, org.springframework.security.web.authentication.UsernamePasswordAuthenticationFilter@476a0071, org.springframework.security.web.authentication.ui.DefaultLoginPageGeneratingFilter@62ee7e50, org.springframework.security.web.authentication.ui.DefaultLogoutPageGeneratingFilter@5b9ec0, org.springframework.security.web.authentication.www.BasicAuthenticationFilter@7ebd31df, org.springframework.security.web.savedrequest.RequestCacheAwareFilter@3f8c695d, org.springframework.security.web.servletapi.SecurityContextHolderAwareRequestFilter@12b96c33, org.springframework.security.web.authentication.AnonymousAuthenticationFilter@b9aca74, org.springframework.security.web.access.ExceptionTranslationFilter@6666410a, org.springframework.security.web.access.intercept.AuthorizationFilter@257f8040]
2025-12-23T21:44:14.297+01:00 DEBUG 39108 --- [           main] c.h.d.security.JwtAuthenticationFilter   : Filter 'jwtAuthenticationFilter' configured for use
2025-12-23T21:44:14.313+01:00  INFO 39108 --- [           main] o.s.b.t.m.w.SpringBootMockServletContext : Initializing Spring TestDispatcherServlet ''
2025-12-23T21:44:14.313+01:00  INFO 39108 --- [           main] o.s.t.web.servlet.TestDispatcherServlet  : Initializing Servlet ''
2025-12-23T21:44:14.315+01:00  INFO 39108 --- [           main] o.s.t.web.servlet.TestDispatcherServlet  : Completed initialization in 2 ms
2025-12-23T21:44:14.360+01:00  INFO 39108 --- [           main] c.h.d.c.ActeMedicalControllerTest        : Started ActeMedicalControllerTest in 5.013 seconds (process running for 8.044)
2025-12-23T21:44:14.600+01:00  WARN 39108 --- [           main] o.s.w.s.h.HandlerMappingIntrospector     : Cache miss for REQUEST dispatch to '/api/actes' (previous null). Performing CorsConfiguration lookup. This is logged once only at WARN level, and every time at TRACE.
[INFO] Tests run: 8, Failures: 0, Errors: 0, Skipped: 0, Time elapsed: 6.282 s -- in com.healthcare.dashboard.controllers.ActeMedicalControllerTest
[INFO] Running com.healthcare.dashboard.controllers.AIControllerTest
2025-12-23T21:44:15.020+01:00  INFO 39108 --- [           main] t.c.s.AnnotationConfigContextLoaderUtils : Could not detect default configuration classes for test class [com.healthcare.dashboard.controllers.AIControllerTest]: AIControllerTest does not declare any static, non-private, non-final, nested classes annotated with @Configuration.
2025-12-23T21:44:15.033+01:00  INFO 39108 --- [           main] .b.t.c.SpringBootTestContextBootstrapper : Found @SpringBootConfiguration com.healthcare.dashboard.HealthcareDashboardApplication for test class com.healthcare.dashboard.controllers.AIControllerTest
2025-12-23T21:44:15.040+01:00  INFO 39108 --- [           main] o.s.b.d.r.RestartApplicationListener     : Restart disabled due to context in which it is running

  .   ____          _            __ _ _
 /\\ / ___'_ __ _ _(_)_ __  __ _ \ \ \ \
( ( )\___ | '_ | '_| | '_ \/ _` | \ \ \ \
 \\/  ___)| |_)| | | | | || (_| |  ) ) ) )
  '  |____| .__|_| |_|_| |_\__, | / / / /
 =========|_|==============|___/=/_/_/_/
 :: Spring Boot ::                (v3.2.0)

2025-12-23T21:44:15.069+01:00  INFO 39108 --- [           main] c.h.d.controllers.AIControllerTest       : Starting AIControllerTest using Java 22.0.2 with PID 39108 (started by ghbou in C:\Users\ghbou\OneDrive\Desktop\Projet Flutter\backend)
2025-12-23T21:44:15.069+01:00 DEBUG 39108 --- [           main] c.h.d.controllers.AIControllerTest       : Running with Spring Boot v3.2.0, Spring v6.1.1
2025-12-23T21:44:15.069+01:00  INFO 39108 --- [           main] c.h.d.controllers.AIControllerTest       : No active profile set, falling back to 1 default profile: "default"
2025-12-23T21:44:15.582+01:00  INFO 39108 --- [           main] o.s.s.web.DefaultSecurityFilterChain     : Will secure any request with [org.springframework.security.web.session.DisableEncodeUrlFilter@1d5ada5a, org.springframework.security.web.context.request.async.WebAsyncManagerIntegrationFilter@48306cc8, org.springframework.security.web.context.SecurityContextHolderFilter@561419ce, org.springframework.security.web.header.HeaderWriterFilter@15774e00, org.springframework.web.filter.CorsFilter@1c6912db, org.springframework.security.web.csrf.CsrfFilter@77e914a4, org.springframework.security.web.authentication.logout.LogoutFilter@72bae57c, org.springframework.security.web.authentication.UsernamePasswordAuthenticationFilter@9a82ef, org.springframework.security.web.authentication.ui.DefaultLoginPageGeneratingFilter@56fff809, org.springframework.security.web.authentication.ui.DefaultLogoutPageGeneratingFilter@a5a9502, org.springframework.security.web.authentication.www.BasicAuthenticationFilter@666e1965, org.springframework.security.web.savedrequest.RequestCacheAwareFilter@69676b9c, org.springframework.security.web.servletapi.SecurityContextHolderAwareRequestFilter@79d7ae7d, org.springframework.security.web.authentication.AnonymousAuthenticationFilter@41991619, org.springframework.security.web.access.ExceptionTranslationFilter@1e21c025, org.springframework.security.web.access.intercept.AuthorizationFilter@25ae0223]
2025-12-23T21:44:15.595+01:00 DEBUG 39108 --- [           main] c.h.d.security.JwtAuthenticationFilter   : Filter 'jwtAuthenticationFilter' configured for use
2025-12-23T21:44:15.596+01:00  INFO 39108 --- [           main] o.s.b.t.m.w.SpringBootMockServletContext : Initializing Spring TestDispatcherServlet ''
2025-12-23T21:44:15.596+01:00  INFO 39108 --- [           main] o.s.t.web.servlet.TestDispatcherServlet  : Initializing Servlet ''
2025-12-23T21:44:15.596+01:00  INFO 39108 --- [           main] o.s.t.web.servlet.TestDispatcherServlet  : Completed initialization in 0 ms
2025-12-23T21:44:15.603+01:00  INFO 39108 --- [           main] c.h.d.controllers.AIControllerTest       : Started AIControllerTest in 0.563 seconds (process running for 9.288)
2025-12-23T21:44:15.617+01:00  WARN 39108 --- [           main] o.s.w.s.h.HandlerMappingIntrospector     : Cache miss for REQUEST dispatch to '/api/ai/ask' (previous null). Performing CorsConfiguration lookup. This is logged once only at WARN level, and every time at TRACE.
[INFO] Tests run: 1, Failures: 0, Errors: 0, Skipped: 0, Time elapsed: 0.616 s -- in com.healthcare.dashboard.controllers.AIControllerTest
[INFO] Running com.healthcare.dashboard.controllers.AlertControllerTest
2025-12-23T21:44:15.640+01:00  INFO 39108 --- [           main] t.c.s.AnnotationConfigContextLoaderUtils : Could not detect default configuration classes for test class [com.healthcare.dashboard.controllers.AlertControllerTest]: AlertControllerTest does not declare any static, non-private, non-final, nested classes annotated with @Configuration.
2025-12-23T21:44:15.651+01:00  INFO 39108 --- [           main] .b.t.c.SpringBootTestContextBootstrapper : Found @SpringBootConfiguration com.healthcare.dashboard.HealthcareDashboardApplication for test class com.healthcare.dashboard.controllers.AlertControllerTest
2025-12-23T21:44:15.656+01:00  INFO 39108 --- [           main] o.s.b.d.r.RestartApplicationListener     : Restart disabled due to context in which it is running

  .   ____          _            __ _ _
 /\\ / ___'_ __ _ _(_)_ __  __ _ \ \ \ \
( ( )\___ | '_ | '_| | '_ \/ _` | \ \ \ \
 \\/  ___)| |_)| | | | | || (_| |  ) ) ) )
  '  |____| .__|_| |_|_| |_\__, | / / / /
 =========|_|==============|___/=/_/_/_/
 :: Spring Boot ::                (v3.2.0)

2025-12-23T21:44:15.678+01:00  INFO 39108 --- [           main] c.h.d.controllers.AlertControllerTest    : Starting AlertControllerTest using Java 22.0.2 with PID 39108 (started by ghbou in C:\Users\ghbou\OneDrive\Desktop\Projet Flutter\backend)
2025-12-23T21:44:15.679+01:00 DEBUG 39108 --- [           main] c.h.d.controllers.AlertControllerTest    : Running with Spring Boot v3.2.0, Spring v6.1.1
2025-12-23T21:44:15.679+01:00  INFO 39108 --- [           main] c.h.d.controllers.AlertControllerTest    : No active profile set, falling back to 1 default profile: "default"
2025-12-23T21:44:16.228+01:00  INFO 39108 --- [           main] o.s.s.web.DefaultSecurityFilterChain     : Will secure any request with [org.springframework.security.web.session.DisableEncodeUrlFilter@7073b501, org.springframework.security.web.context.request.async.WebAsyncManagerIntegrationFilter@633a4a3d, org.springframework.security.web.context.SecurityContextHolderFilter@274029ca, org.springframework.security.web.header.HeaderWriterFilter@62b630e0, org.springframework.web.filter.CorsFilter@5c275b83, org.springframework.security.web.csrf.CsrfFilter@20b6e853, org.springframework.security.web.authentication.logout.LogoutFilter@b0f9c63, org.springframework.security.web.authentication.UsernamePasswordAuthenticationFilter@53dd9ff6, org.springframework.security.web.authentication.ui.DefaultLoginPageGeneratingFilter@e125b5, org.springframework.security.web.authentication.ui.DefaultLogoutPageGeneratingFilter@350c7188, org.springframework.security.web.authentication.www.BasicAuthenticationFilter@2159137c, org.springframework.security.web.savedrequest.RequestCacheAwareFilter@3023a901, org.springframework.security.web.servletapi.SecurityContextHolderAwareRequestFilter@53033e05, org.springframework.security.web.authentication.AnonymousAuthenticationFilter@58ba1195, org.springframework.security.web.access.ExceptionTranslationFilter@4dd5d2c2, org.springframework.security.web.access.intercept.AuthorizationFilter@24c6f389]
2025-12-23T21:44:16.235+01:00 DEBUG 39108 --- [           main] c.h.d.security.JwtAuthenticationFilter   : Filter 'jwtAuthenticationFilter' configured for use
2025-12-23T21:44:16.236+01:00  INFO 39108 --- [           main] o.s.b.t.m.w.SpringBootMockServletContext : Initializing Spring TestDispatcherServlet ''
2025-12-23T21:44:16.236+01:00  INFO 39108 --- [           main] o.s.t.web.servlet.TestDispatcherServlet  : Initializing Servlet ''
2025-12-23T21:44:16.236+01:00  INFO 39108 --- [           main] o.s.t.web.servlet.TestDispatcherServlet  : Completed initialization in 0 ms
2025-12-23T21:44:16.244+01:00  INFO 39108 --- [           main] c.h.d.controllers.AlertControllerTest    : Started AlertControllerTest in 0.588 seconds (process running for 9.929)
2025-12-23T21:44:16.255+01:00  WARN 39108 --- [           main] o.s.w.s.h.HandlerMappingIntrospector     : Cache miss for REQUEST dispatch to '/api/alerts/1' (previous null). Performing CorsConfiguration lookup. This is logged once only at WARN level, and every time at TRACE.
[INFO] Tests run: 5, Failures: 0, Errors: 0, Skipped: 0, Time elapsed: 0.684 s -- in com.healthcare.dashboard.controllers.AlertControllerTest
[INFO] Running com.healthcare.dashboard.controllers.AuthControllerTest
2025-12-23T21:44:16.328+01:00  INFO 39108 --- [           main] t.c.s.AnnotationConfigContextLoaderUtils : Could not detect default configuration classes for test class [com.healthcare.dashboard.controllers.AuthControllerTest]: AuthControllerTest does not declare any static, non-private, non-final, nested classes annotated with @Configuration.
2025-12-23T21:44:16.337+01:00  INFO 39108 --- [           main] .b.t.c.SpringBootTestContextBootstrapper : Found @SpringBootConfiguration com.healthcare.dashboard.HealthcareDashboardApplication for test class com.healthcare.dashboard.controllers.AuthControllerTest
2025-12-23T21:44:16.341+01:00  INFO 39108 --- [           main] o.s.b.d.r.RestartApplicationListener     : Restart disabled due to context in which it is running

  .   ____          _            __ _ _
 /\\ / ___'_ __ _ _(_)_ __  __ _ \ \ \ \
( ( )\___ | '_ | '_| | '_ \/ _` | \ \ \ \
 \\/  ___)| |_)| | | | | || (_| |  ) ) ) )
  '  |____| .__|_| |_|_| |_\__, | / / / /
 =========|_|==============|___/=/_/_/_/
 :: Spring Boot ::                (v3.2.0)

2025-12-23T21:44:16.369+01:00  INFO 39108 --- [           main] c.h.d.controllers.AuthControllerTest     : Starting AuthControllerTest using Java 22.0.2 with PID 39108 (started by ghbou in C:\Users\ghbou\OneDrive\Desktop\Projet Flutter\backend)
2025-12-23T21:44:16.369+01:00 DEBUG 39108 --- [           main] c.h.d.controllers.AuthControllerTest     : Running with Spring Boot v3.2.0, Spring v6.1.1
2025-12-23T21:44:16.369+01:00  INFO 39108 --- [           main] c.h.d.controllers.AuthControllerTest     : No active profile set, falling back to 1 default profile: "default"
2025-12-23T21:44:17.044+01:00  INFO 39108 --- [           main] o.s.s.web.DefaultSecurityFilterChain     : Will secure any request with [org.springframework.security.web.session.DisableEncodeUrlFilter@bc9bd00, org.springframework.security.web.context.request.async.WebAsyncManagerIntegrationFilter@71e4af7b, org.springframework.security.web.context.SecurityContextHolderFilter@4b5998c2, org.springframework.security.web.header.HeaderWriterFilter@2f832f81, org.springframework.web.filter.CorsFilter@72a4b564, org.springframework.security.web.csrf.CsrfFilter@7d20cd82, org.springframework.security.web.authentication.logout.LogoutFilter@12d0699d, org.springframework.security.web.authentication.UsernamePasswordAuthenticationFilter@607c77f4, org.springframework.security.web.authentication.ui.DefaultLoginPageGeneratingFilter@55e13772, org.springframework.security.web.authentication.ui.DefaultLogoutPageGeneratingFilter@5fde6b8c, org.springframework.security.web.authentication.www.BasicAuthenticationFilter@5b2ecf2b, org.springframework.security.web.savedrequest.RequestCacheAwareFilter@30ee00f6, org.springframework.security.web.servletapi.SecurityContextHolderAwareRequestFilter@6328f3b1, org.springframework.security.web.authentication.AnonymousAuthenticationFilter@1939ecca, org.springframework.security.web.access.ExceptionTranslationFilter@7294202a, org.springframework.security.web.access.intercept.AuthorizationFilter@71f164d6]
2025-12-23T21:44:17.051+01:00  INFO 39108 --- [           main] o.s.b.t.m.w.SpringBootMockServletContext : Initializing Spring TestDispatcherServlet ''
2025-12-23T21:44:17.051+01:00  INFO 39108 --- [           main] o.s.t.web.servlet.TestDispatcherServlet  : Initializing Servlet ''
2025-12-23T21:44:17.053+01:00  INFO 39108 --- [           main] o.s.t.web.servlet.TestDispatcherServlet  : Completed initialization in 2 ms
2025-12-23T21:44:17.060+01:00  INFO 39108 --- [           main] c.h.d.controllers.AuthControllerTest     : Started AuthControllerTest in 0.72 seconds (process running for 10.744)
[INFO] Tests run: 2, Failures: 0, Errors: 0, Skipped: 0, Time elapsed: 0.865 s -- in com.healthcare.dashboard.controllers.AuthControllerTest
[INFO] Running com.healthcare.dashboard.controllers.DashboardControllerTest
2025-12-23T21:44:17.201+01:00  INFO 39108 --- [           main] t.c.s.AnnotationConfigContextLoaderUtils : Could not detect default configuration classes for test class [com.healthcare.dashboard.controllers.DashboardControllerTest]: DashboardControllerTest does not declare any static, non-private, non-final, nested classes annotated with @Configuration.
2025-12-23T21:44:17.211+01:00  INFO 39108 --- [           main] .b.t.c.SpringBootTestContextBootstrapper : Found @SpringBootConfiguration com.healthcare.dashboard.HealthcareDashboardApplication for test class com.healthcare.dashboard.controllers.DashboardControllerTest
2025-12-23T21:44:17.217+01:00  INFO 39108 --- [           main] o.s.b.d.r.RestartApplicationListener     : Restart disabled due to context in which it is running

  .   ____          _            __ _ _
 /\\ / ___'_ __ _ _(_)_ __  __ _ \ \ \ \
( ( )\___ | '_ | '_| | '_ \/ _` | \ \ \ \
 \\/  ___)| |_)| | | | | || (_| |  ) ) ) )
  '  |____| .__|_| |_|_| |_\__, | / / / /
 =========|_|==============|___/=/_/_/_/
 :: Spring Boot ::                (v3.2.0)

2025-12-23T21:44:17.244+01:00  INFO 39108 --- [           main] c.h.d.c.DashboardControllerTest          : Starting DashboardControllerTest using Java 22.0.2 with PID 39108 (started by ghbou in C:\Users\ghbou\OneDrive\Desktop\Projet Flutter\backend)
2025-12-23T21:44:17.244+01:00 DEBUG 39108 --- [           main] c.h.d.c.DashboardControllerTest          : Running with Spring Boot v3.2.0, Spring v6.1.1
2025-12-23T21:44:17.244+01:00  INFO 39108 --- [           main] c.h.d.c.DashboardControllerTest          : No active profile set, falling back to 1 default profile: "default"
2025-12-23T21:44:17.610+01:00  INFO 39108 --- [           main] o.s.s.web.DefaultSecurityFilterChain     : Will secure any request with [org.springframework.security.web.session.DisableEncodeUrlFilter@7b330cbd, org.springframework.security.web.context.request.async.WebAsyncManagerIntegrationFilter@347bc2ad, org.springframework.security.web.context.SecurityContextHolderFilter@621f3d, org.springframework.security.web.header.HeaderWriterFilter@406b6988, org.springframework.web.filter.CorsFilter@4e872237, org.springframework.security.web.csrf.CsrfFilter@3dd3f773, org.springframework.security.web.authentication.logout.LogoutFilter@15878bb8, org.springframework.security.web.authentication.UsernamePasswordAuthenticationFilter@54c5c875, org.springframework.security.web.authentication.ui.DefaultLoginPageGeneratingFilter@6707fc3e, org.springframework.security.web.authentication.ui.DefaultLogoutPageGeneratingFilter@27f64853, org.springframework.security.web.authentication.www.BasicAuthenticationFilter@590603cf, org.springframework.security.web.savedrequest.RequestCacheAwareFilter@2228082d, org.springframework.security.web.servletapi.SecurityContextHolderAwareRequestFilter@7c3bfd18, org.springframework.security.web.authentication.AnonymousAuthenticationFilter@44c3fef4, org.springframework.security.web.access.ExceptionTranslationFilter@20afcc5c, org.springframework.security.web.access.intercept.AuthorizationFilter@7d365620]
2025-12-23T21:44:17.617+01:00 DEBUG 39108 --- [           main] c.h.d.security.JwtAuthenticationFilter   : Filter 'jwtAuthenticationFilter' configured for use
2025-12-23T21:44:17.617+01:00  INFO 39108 --- [           main] o.s.b.t.m.w.SpringBootMockServletContext : Initializing Spring TestDispatcherServlet ''
2025-12-23T21:44:17.618+01:00  INFO 39108 --- [           main] o.s.t.web.servlet.TestDispatcherServlet  : Initializing Servlet ''
2025-12-23T21:44:17.619+01:00  INFO 39108 --- [           main] o.s.t.web.servlet.TestDispatcherServlet  : Completed initialization in 0 ms
2025-12-23T21:44:17.625+01:00  INFO 39108 --- [           main] c.h.d.c.DashboardControllerTest          : Started DashboardControllerTest in 0.41 seconds (process running for 11.309)
2025-12-23T21:44:17.635+01:00  WARN 39108 --- [           main] o.s.w.s.h.HandlerMappingIntrospector     : Cache miss for REQUEST dispatch to '/api/dashboard/sejours-by-service' (previous null). Performing CorsConfiguration lookup. This is logged once only at WARN level, and every time at TRACE.
[INFO] Tests run: 11, Failures: 0, Errors: 0, Skipped: 0, Time elapsed: 0.574 s -- in com.healthcare.dashboard.controllers.DashboardControllerTest
[INFO] Running com.healthcare.dashboard.controllers.InvestmentControllerTest
2025-12-23T21:44:17.779+01:00  INFO 39108 --- [           main] t.c.s.AnnotationConfigContextLoaderUtils : Could not detect default configuration classes for test class [com.healthcare.dashboard.controllers.InvestmentControllerTest]: InvestmentControllerTest does not declare any static, non-private, non-final, nested classes annotated with @Configuration.
2025-12-23T21:44:17.788+01:00  INFO 39108 --- [           main] .b.t.c.SpringBootTestContextBootstrapper : Found @SpringBootConfiguration com.healthcare.dashboard.HealthcareDashboardApplication for test class com.healthcare.dashboard.controllers.InvestmentControllerTest
2025-12-23T21:44:17.792+01:00  INFO 39108 --- [           main] o.s.b.d.r.RestartApplicationListener     : Restart disabled due to context in which it is running

  .   ____          _            __ _ _
 /\\ / ___'_ __ _ _(_)_ __  __ _ \ \ \ \
( ( )\___ | '_ | '_| | '_ \/ _` | \ \ \ \
 \\/  ___)| |_)| | | | | || (_| |  ) ) ) )
  '  |____| .__|_| |_|_| |_\__, | / / / /
 =========|_|==============|___/=/_/_/_/
 :: Spring Boot ::                (v3.2.0)

2025-12-23T21:44:17.819+01:00  INFO 39108 --- [           main] c.h.d.c.InvestmentControllerTest         : Starting InvestmentControllerTest using Java 22.0.2 with PID 39108 (started by ghbou in C:\Users\ghbou\OneDrive\Desktop\Projet Flutter\backend)
2025-12-23T21:44:17.819+01:00 DEBUG 39108 --- [           main] c.h.d.c.InvestmentControllerTest         : Running with Spring Boot v3.2.0, Spring v6.1.1
2025-12-23T21:44:17.819+01:00  INFO 39108 --- [           main] c.h.d.c.InvestmentControllerTest         : No active profile set, falling back to 1 default profile: "default"
2025-12-23T21:44:18.150+01:00  INFO 39108 --- [           main] o.s.s.web.DefaultSecurityFilterChain     : Will secure any request with [org.springframework.security.web.session.DisableEncodeUrlFilter@281aecc8, org.springframework.security.web.context.request.async.WebAsyncManagerIntegrationFilter@31eb7dd4, org.springframework.security.web.context.SecurityContextHolderFilter@2e86dfc5, org.springframework.security.web.header.HeaderWriterFilter@56a150d0, org.springframework.web.filter.CorsFilter@a547191, org.springframework.security.web.csrf.CsrfFilter@68ffbc99, org.springframework.security.web.authentication.logout.LogoutFilter@310abad6, org.springframework.security.web.authentication.UsernamePasswordAuthenticationFilter@6f7be76, org.springframework.security.web.authentication.ui.DefaultLoginPageGeneratingFilter@57336465, org.springframework.security.web.authentication.ui.DefaultLogoutPageGeneratingFilter@78214685, org.springframework.security.web.authentication.www.BasicAuthenticationFilter@14ccd97f, org.springframework.security.web.savedrequest.RequestCacheAwareFilter@3b88b5f8, org.springframework.security.web.servletapi.SecurityContextHolderAwareRequestFilter@bc8921c, org.springframework.security.web.authentication.AnonymousAuthenticationFilter@72289e5, org.springframework.security.web.access.ExceptionTranslationFilter@3b678c5, org.springframework.security.web.access.intercept.AuthorizationFilter@62cf74f3]
2025-12-23T21:44:18.155+01:00 DEBUG 39108 --- [           main] c.h.d.security.JwtAuthenticationFilter   : Filter 'jwtAuthenticationFilter' configured for use
2025-12-23T21:44:18.155+01:00  INFO 39108 --- [           main] o.s.b.t.m.w.SpringBootMockServletContext : Initializing Spring TestDispatcherServlet ''
2025-12-23T21:44:18.155+01:00  INFO 39108 --- [           main] o.s.t.web.servlet.TestDispatcherServlet  : Initializing Servlet ''
2025-12-23T21:44:18.155+01:00  INFO 39108 --- [           main] o.s.t.web.servlet.TestDispatcherServlet  : Completed initialization in 0 ms
2025-12-23T21:44:18.162+01:00  INFO 39108 --- [           main] c.h.d.c.InvestmentControllerTest         : Started InvestmentControllerTest in 0.37 seconds (process running for 11.847)
2025-12-23T21:44:18.171+01:00  WARN 39108 --- [           main] o.s.w.s.h.HandlerMappingIntrospector     : Cache miss for REQUEST dispatch to '/api/investments/statut/EN_COURS' (previous null). Performing CorsConfiguration lookup. This is logged once only at WARN level, and every time at TRACE.
[INFO] Tests run: 5, Failures: 0, Errors: 0, Skipped: 0, Time elapsed: 0.454 s -- in com.healthcare.dashboard.controllers.InvestmentControllerTest
[INFO] Running com.healthcare.dashboard.controllers.MedecinControllerTest
2025-12-23T21:44:18.237+01:00  INFO 39108 --- [           main] t.c.s.AnnotationConfigContextLoaderUtils : Could not detect default configuration classes for test class [com.healthcare.dashboard.controllers.MedecinControllerTest]: MedecinControllerTest does not declare any static, non-private, non-final, nested classes annotated with @Configuration.
2025-12-23T21:44:18.242+01:00  INFO 39108 --- [           main] .b.t.c.SpringBootTestContextBootstrapper : Found @SpringBootConfiguration com.healthcare.dashboard.HealthcareDashboardApplication for test class com.healthcare.dashboard.controllers.MedecinControllerTest
2025-12-23T21:44:18.246+01:00  INFO 39108 --- [           main] o.s.b.d.r.RestartApplicationListener     : Restart disabled due to context in which it is running

  .   ____          _            __ _ _
 /\\ / ___'_ __ _ _(_)_ __  __ _ \ \ \ \
( ( )\___ | '_ | '_| | '_ \/ _` | \ \ \ \
 \\/  ___)| |_)| | | | | || (_| |  ) ) ) )
  '  |____| .__|_| |_|_| |_\__, | / / / /
 =========|_|==============|___/=/_/_/_/
 :: Spring Boot ::                (v3.2.0)

2025-12-23T21:44:18.268+01:00  INFO 39108 --- [           main] c.h.d.controllers.MedecinControllerTest  : Starting MedecinControllerTest using Java 22.0.2 with PID 39108 (started by ghbou in C:\Users\ghbou\OneDrive\Desktop\Projet Flutter\backend)
2025-12-23T21:44:18.268+01:00 DEBUG 39108 --- [           main] c.h.d.controllers.MedecinControllerTest  : Running with Spring Boot v3.2.0, Spring v6.1.1
2025-12-23T21:44:18.268+01:00  INFO 39108 --- [           main] c.h.d.controllers.MedecinControllerTest  : No active profile set, falling back to 1 default profile: "default"
2025-12-23T21:44:18.589+01:00  INFO 39108 --- [           main] o.s.s.web.DefaultSecurityFilterChain     : Will secure any request with [org.springframework.security.web.session.DisableEncodeUrlFilter@48c10d3, org.springframework.security.web.context.request.async.WebAsyncManagerIntegrationFilter@1212bd7a, org.springframework.security.web.context.SecurityContextHolderFilter@544e713e, org.springframework.security.web.header.HeaderWriterFilter@6a19485f, org.springframework.web.filter.CorsFilter@55947b77, org.springframework.security.web.csrf.CsrfFilter@6a2d9f99, org.springframework.security.web.authentication.logout.LogoutFilter@258184e7, org.springframework.security.web.authentication.UsernamePasswordAuthenticationFilter@3d6f45da, org.springframework.security.web.authentication.ui.DefaultLoginPageGeneratingFilter@1f8e81e8, org.springframework.security.web.authentication.ui.DefaultLogoutPageGeneratingFilter@6873b44, org.springframework.security.web.authentication.www.BasicAuthenticationFilter@71d4528b, org.springframework.security.web.savedrequest.RequestCacheAwareFilter@5299fd79, org.springframework.security.web.servletapi.SecurityContextHolderAwareRequestFilter@3ff56df9, org.springframework.security.web.authentication.AnonymousAuthenticationFilter@6269b9cf, org.springframework.security.web.access.ExceptionTranslationFilter@33dbdb48, org.springframework.security.web.access.intercept.AuthorizationFilter@14605d0d]
2025-12-23T21:44:18.596+01:00 DEBUG 39108 --- [           main] c.h.d.security.JwtAuthenticationFilter   : Filter 'jwtAuthenticationFilter' configured for use
2025-12-23T21:44:18.596+01:00  INFO 39108 --- [           main] o.s.b.t.m.w.SpringBootMockServletContext : Initializing Spring TestDispatcherServlet ''
2025-12-23T21:44:18.596+01:00  INFO 39108 --- [           main] o.s.t.web.servlet.TestDispatcherServlet  : Initializing Servlet ''
2025-12-23T21:44:18.597+01:00  INFO 39108 --- [           main] o.s.t.web.servlet.TestDispatcherServlet  : Completed initialization in 1 ms
2025-12-23T21:44:18.603+01:00  INFO 39108 --- [           main] c.h.d.controllers.MedecinControllerTest  : Started MedecinControllerTest in 0.357 seconds (process running for 12.287)
2025-12-23T21:44:18.615+01:00  WARN 39108 --- [           main] o.s.w.s.h.HandlerMappingIntrospector     : Cache miss for REQUEST dispatch to '/api/medecins/1' (previous null). Performing CorsConfiguration lookup. This is logged once only at WARN level, and every time at TRACE.
[INFO] Tests run: 6, Failures: 0, Errors: 0, Skipped: 0, Time elapsed: 0.441 s -- in com.healthcare.dashboard.controllers.MedecinControllerTest
[INFO] Running com.healthcare.dashboard.controllers.MLPredictionControllerTest
2025-12-23T21:44:18.687+01:00  INFO 39108 --- [           main] t.c.s.AnnotationConfigContextLoaderUtils : Could not detect default configuration classes for test class [com.healthcare.dashboard.controllers.MLPredictionControllerTest]: MLPredictionControllerTest does not declare any static, non-private, non-final, nested classes annotated with @Configuration.
2025-12-23T21:44:18.692+01:00  INFO 39108 --- [           main] .b.t.c.SpringBootTestContextBootstrapper : Found @SpringBootConfiguration com.healthcare.dashboard.HealthcareDashboardApplication for test class com.healthcare.dashboard.controllers.MLPredictionControllerTest
2025-12-23T21:44:18.695+01:00  INFO 39108 --- [           main] o.s.b.d.r.RestartApplicationListener     : Restart disabled due to context in which it is running

  .   ____          _            __ _ _
 /\\ / ___'_ __ _ _(_)_ __  __ _ \ \ \ \
( ( )\___ | '_ | '_| | '_ \/ _` | \ \ \ \
 \\/  ___)| |_)| | | | | || (_| |  ) ) ) )
  '  |____| .__|_| |_|_| |_\__, | / / / /
 =========|_|==============|___/=/_/_/_/
 :: Spring Boot ::                (v3.2.0)

2025-12-23T21:44:18.714+01:00  INFO 39108 --- [           main] c.h.d.c.MLPredictionControllerTest       : Starting MLPredictionControllerTest using Java 22.0.2 with PID 39108 (started by ghbou in C:\Users\ghbou\OneDrive\Desktop\Projet Flutter\backend)
2025-12-23T21:44:18.714+01:00 DEBUG 39108 --- [           main] c.h.d.c.MLPredictionControllerTest       : Running with Spring Boot v3.2.0, Spring v6.1.1
2025-12-23T21:44:18.714+01:00  INFO 39108 --- [           main] c.h.d.c.MLPredictionControllerTest       : No active profile set, falling back to 1 default profile: "default"
2025-12-23T21:44:19.144+01:00  INFO 39108 --- [           main] o.s.s.web.DefaultSecurityFilterChain     : Will secure any request with [org.springframework.security.web.session.DisableEncodeUrlFilter@33af6d76, org.springframework.security.web.context.request.async.WebAsyncManagerIntegrationFilter@23f4660d, org.springframework.security.web.context.SecurityContextHolderFilter@36358417, org.springframework.security.web.header.HeaderWriterFilter@566095d9, org.springframework.web.filter.CorsFilter@1d3727b8, org.springframework.security.web.csrf.CsrfFilter@60b7f05c, org.springframework.security.web.authentication.logout.LogoutFilter@703c6519, org.springframework.security.web.authentication.UsernamePasswordAuthenticationFilter@6ffa30e3, org.springframework.security.web.authentication.ui.DefaultLoginPageGeneratingFilter@7e44f3b1, org.springframework.security.web.authentication.ui.DefaultLogoutPageGeneratingFilter@a02b735, org.springframework.security.web.authentication.www.BasicAuthenticationFilter@40aae11a, org.springframework.security.web.savedrequest.RequestCacheAwareFilter@69dfa79d, org.springframework.security.web.servletapi.SecurityContextHolderAwareRequestFilter@2c5875be, org.springframework.security.web.authentication.AnonymousAuthenticationFilter@428ebfde, org.springframework.security.web.access.ExceptionTranslationFilter@10eaa515, org.springframework.security.web.access.intercept.AuthorizationFilter@7cfd86c8]
2025-12-23T21:44:19.156+01:00 DEBUG 39108 --- [           main] c.h.d.security.JwtAuthenticationFilter   : Filter 'jwtAuthenticationFilter' configured for use
2025-12-23T21:44:19.156+01:00  INFO 39108 --- [           main] o.s.b.t.m.w.SpringBootMockServletContext : Initializing Spring TestDispatcherServlet ''
2025-12-23T21:44:19.156+01:00  INFO 39108 --- [           main] o.s.t.web.servlet.TestDispatcherServlet  : Initializing Servlet ''
2025-12-23T21:44:19.159+01:00  INFO 39108 --- [           main] o.s.t.web.servlet.TestDispatcherServlet  : Completed initialization in 2 ms
2025-12-23T21:44:19.162+01:00  INFO 39108 --- [           main] c.h.d.c.MLPredictionControllerTest       : Started MLPredictionControllerTest in 0.467 seconds (process running for 12.848)
2025-12-23T21:44:19.177+01:00  WARN 39108 --- [           main] o.s.w.s.h.HandlerMappingIntrospector     : Cache miss for REQUEST dispatch to '/api/ml/statistics/current' (previous null). Performing CorsConfiguration lookup. This is logged once only at WARN level, and every time at TRACE.
[INFO] Tests run: 10, Failures: 0, Errors: 0, Skipped: 0, Time elapsed: 0.614 s -- in com.healthcare.dashboard.controllers.MLPredictionControllerTest
[INFO] Running com.healthcare.dashboard.controllers.PatientControllerTest
2025-12-23T21:44:19.304+01:00  INFO 39108 --- [           main] t.c.s.AnnotationConfigContextLoaderUtils : Could not detect default configuration classes for test class [com.healthcare.dashboard.controllers.PatientControllerTest]: PatientControllerTest does not declare any static, non-private, non-final, nested classes annotated with @Configuration.
2025-12-23T21:44:19.311+01:00  INFO 39108 --- [           main] .b.t.c.SpringBootTestContextBootstrapper : Found @SpringBootConfiguration com.healthcare.dashboard.HealthcareDashboardApplication for test class com.healthcare.dashboard.controllers.PatientControllerTest
2025-12-23T21:44:19.314+01:00  INFO 39108 --- [           main] o.s.b.d.r.RestartApplicationListener     : Restart disabled due to context in which it is running

  .   ____          _            __ _ _
 /\\ / ___'_ __ _ _(_)_ __  __ _ \ \ \ \
( ( )\___ | '_ | '_| | '_ \/ _` | \ \ \ \
 \\/  ___)| |_)| | | | | || (_| |  ) ) ) )
  '  |____| .__|_| |_|_| |_\__, | / / / /
 =========|_|==============|___/=/_/_/_/
 :: Spring Boot ::                (v3.2.0)

2025-12-23T21:44:19.330+01:00  INFO 39108 --- [           main] c.h.d.controllers.PatientControllerTest  : Starting PatientControllerTest using Java 22.0.2 with PID 39108 (started by ghbou in C:\Users\ghbou\OneDrive\Desktop\Projet Flutter\backend)
2025-12-23T21:44:19.330+01:00 DEBUG 39108 --- [           main] c.h.d.controllers.PatientControllerTest  : Running with Spring Boot v3.2.0, Spring v6.1.1
2025-12-23T21:44:19.331+01:00  INFO 39108 --- [           main] c.h.d.controllers.PatientControllerTest  : No active profile set, falling back to 1 default profile: "default"
2025-12-23T21:44:19.573+01:00  INFO 39108 --- [           main] o.s.s.web.DefaultSecurityFilterChain     : Will secure any request with [org.springframework.security.web.session.DisableEncodeUrlFilter@10089762, org.springframework.security.web.context.request.async.WebAsyncManagerIntegrationFilter@5a5a57bc, org.springframework.security.web.context.SecurityContextHolderFilter@68989b46, org.springframework.security.web.header.HeaderWriterFilter@625bb465, org.springframework.web.filter.CorsFilter@30c8f117, org.springframework.security.web.csrf.CsrfFilter@7c8241eb, org.springframework.security.web.authentication.logout.LogoutFilter@392aabea, org.springframework.security.web.authentication.UsernamePasswordAuthenticationFilter@6511ed25, org.springframework.security.web.authentication.ui.DefaultLoginPageGeneratingFilter@4bf48307, org.springframework.security.web.authentication.ui.DefaultLogoutPageGeneratingFilter@54c4b07, org.springframework.security.web.authentication.www.BasicAuthenticationFilter@7cd92d04, org.springframework.security.web.savedrequest.RequestCacheAwareFilter@67b12a7, org.springframework.security.web.servletapi.SecurityContextHolderAwareRequestFilter@74b3f968, org.springframework.security.web.authentication.AnonymousAuthenticationFilter@512b7f4b, org.springframework.security.web.access.ExceptionTranslationFilter@70f04941, org.springframework.security.web.access.intercept.AuthorizationFilter@9086215]
2025-12-23T21:44:19.577+01:00 DEBUG 39108 --- [           main] c.h.d.security.JwtAuthenticationFilter   : Filter 'jwtAuthenticationFilter' configured for use
2025-12-23T21:44:19.577+01:00  INFO 39108 --- [           main] o.s.b.t.m.w.SpringBootMockServletContext : Initializing Spring TestDispatcherServlet ''
2025-12-23T21:44:19.577+01:00  INFO 39108 --- [           main] o.s.t.web.servlet.TestDispatcherServlet  : Initializing Servlet ''
2025-12-23T21:44:19.578+01:00  INFO 39108 --- [           main] o.s.t.web.servlet.TestDispatcherServlet  : Completed initialization in 0 ms
2025-12-23T21:44:19.581+01:00  INFO 39108 --- [           main] c.h.d.controllers.PatientControllerTest  : Started PatientControllerTest in 0.267 seconds (process running for 13.266)
2025-12-23T21:44:19.588+01:00  WARN 39108 --- [           main] o.s.w.s.h.HandlerMappingIntrospector     : Cache miss for REQUEST dispatch to '/api/patients/1' (previous null). Performing CorsConfiguration lookup. This is logged once only at WARN level, and every time at TRACE.
[INFO] Tests run: 8, Failures: 0, Errors: 0, Skipped: 0, Time elapsed: 0.354 s -- in com.healthcare.dashboard.controllers.PatientControllerTest
[INFO] Running com.healthcare.dashboard.controllers.PredictionControllerTest
2025-12-23T21:44:19.663+01:00  INFO 39108 --- [           main] t.c.s.AnnotationConfigContextLoaderUtils : Could not detect default configuration classes for test class [com.healthcare.dashboard.controllers.PredictionControllerTest]: PredictionControllerTest does not declare any static, non-private, non-final, nested classes annotated with @Configuration.
2025-12-23T21:44:19.670+01:00  INFO 39108 --- [           main] .b.t.c.SpringBootTestContextBootstrapper : Found @SpringBootConfiguration com.healthcare.dashboard.HealthcareDashboardApplication for test class com.healthcare.dashboard.controllers.PredictionControllerTest
2025-12-23T21:44:19.675+01:00  INFO 39108 --- [           main] o.s.b.d.r.RestartApplicationListener     : Restart disabled due to context in which it is running

  .   ____          _            __ _ _
 /\\ / ___'_ __ _ _(_)_ __  __ _ \ \ \ \
( ( )\___ | '_ | '_| | '_ \/ _` | \ \ \ \
 \\/  ___)| |_)| | | | | || (_| |  ) ) ) )
  '  |____| .__|_| |_|_| |_\__, | / / / /
 =========|_|==============|___/=/_/_/_/
 :: Spring Boot ::                (v3.2.0)

2025-12-23T21:44:19.691+01:00  INFO 39108 --- [           main] c.h.d.c.PredictionControllerTest         : Starting PredictionControllerTest using Java 22.0.2 with PID 39108 (started by ghbou in C:\Users\ghbou\OneDrive\Desktop\Projet Flutter\backend)
2025-12-23T21:44:19.691+01:00 DEBUG 39108 --- [           main] c.h.d.c.PredictionControllerTest         : Running with Spring Boot v3.2.0, Spring v6.1.1
2025-12-23T21:44:19.691+01:00  INFO 39108 --- [           main] c.h.d.c.PredictionControllerTest         : No active profile set, falling back to 1 default profile: "default"
2025-12-23T21:44:20.066+01:00  INFO 39108 --- [           main] o.s.s.web.DefaultSecurityFilterChain     : Will secure any request with [org.springframework.security.web.session.DisableEncodeUrlFilter@4e730b9b, org.springframework.security.web.context.request.async.WebAsyncManagerIntegrationFilter@3805a174, org.springframework.security.web.context.SecurityContextHolderFilter@54878611, org.springframework.security.web.header.HeaderWriterFilter@3d669179, org.springframework.web.filter.CorsFilter@30127693, org.springframework.security.web.csrf.CsrfFilter@56211d6b, org.springframework.security.web.authentication.logout.LogoutFilter@4529cb82, org.springframework.security.web.authentication.UsernamePasswordAuthenticationFilter@18e20fa8, org.springframework.security.web.authentication.ui.DefaultLoginPageGeneratingFilter@3fea0a52, org.springframework.security.web.authentication.ui.DefaultLogoutPageGeneratingFilter@6ce3e92d, org.springframework.security.web.authentication.www.BasicAuthenticationFilter@1389e498, org.springframework.security.web.savedrequest.RequestCacheAwareFilter@a9313af, org.springframework.security.web.servletapi.SecurityContextHolderAwareRequestFilter@368ea8a3, org.springframework.security.web.authentication.AnonymousAuthenticationFilter@3a1a08f9, org.springframework.security.web.access.ExceptionTranslationFilter@653b3345, org.springframework.security.web.access.intercept.AuthorizationFilter@139cb382]
2025-12-23T21:44:20.070+01:00 DEBUG 39108 --- [           main] c.h.d.security.JwtAuthenticationFilter   : Filter 'jwtAuthenticationFilter' configured for use
2025-12-23T21:44:20.070+01:00  INFO 39108 --- [           main] o.s.b.t.m.w.SpringBootMockServletContext : Initializing Spring TestDispatcherServlet ''
2025-12-23T21:44:20.070+01:00  INFO 39108 --- [           main] o.s.t.web.servlet.TestDispatcherServlet  : Initializing Servlet ''
2025-12-23T21:44:20.071+01:00  INFO 39108 --- [           main] o.s.t.web.servlet.TestDispatcherServlet  : Completed initialization in 1 ms
2025-12-23T21:44:20.075+01:00  INFO 39108 --- [           main] c.h.d.c.PredictionControllerTest         : Started PredictionControllerTest in 0.401 seconds (process running for 13.76)
2025-12-23T21:44:20.083+01:00  WARN 39108 --- [           main] o.s.w.s.h.HandlerMappingIntrospector     : Cache miss for REQUEST dispatch to '/api/predictions/type/COUT' (previous null). Performing CorsConfiguration lookup. This is logged once only at WARN level, and every time at TRACE.
[INFO] Tests run: 4, Failures: 0, Errors: 0, Skipped: 0, Time elapsed: 0.456 s -- in com.healthcare.dashboard.controllers.PredictionControllerTest
[INFO] Running com.healthcare.dashboard.controllers.ReportControllerTest
2025-12-23T21:44:20.123+01:00  INFO 39108 --- [           main] t.c.s.AnnotationConfigContextLoaderUtils : Could not detect default configuration classes for test class [com.healthcare.dashboard.controllers.ReportControllerTest]: ReportControllerTest does not declare any static, non-private, non-final, nested classes annotated with @Configuration.
2025-12-23T21:44:20.128+01:00  INFO 39108 --- [           main] .b.t.c.SpringBootTestContextBootstrapper : Found @SpringBootConfiguration com.healthcare.dashboard.HealthcareDashboardApplication for test class com.healthcare.dashboard.controllers.ReportControllerTest
2025-12-23T21:44:20.131+01:00  INFO 39108 --- [           main] o.s.b.d.r.RestartApplicationListener     : Restart disabled due to context in which it is running

  .   ____          _            __ _ _
 /\\ / ___'_ __ _ _(_)_ __  __ _ \ \ \ \
( ( )\___ | '_ | '_| | '_ \/ _` | \ \ \ \
 \\/  ___)| |_)| | | | | || (_| |  ) ) ) )
  '  |____| .__|_| |_|_| |_\__, | / / / /
 =========|_|==============|___/=/_/_/_/
 :: Spring Boot ::                (v3.2.0)

2025-12-23T21:44:20.148+01:00  INFO 39108 --- [           main] c.h.d.controllers.ReportControllerTest   : Starting ReportControllerTest using Java 22.0.2 with PID 39108 (started by ghbou in C:\Users\ghbou\OneDrive\Desktop\Projet Flutter\backend)
2025-12-23T21:44:20.148+01:00 DEBUG 39108 --- [           main] c.h.d.controllers.ReportControllerTest   : Running with Spring Boot v3.2.0, Spring v6.1.1
2025-12-23T21:44:20.148+01:00  INFO 39108 --- [           main] c.h.d.controllers.ReportControllerTest   : No active profile set, falling back to 1 default profile: "default"
2025-12-23T21:44:20.406+01:00  INFO 39108 --- [           main] o.s.s.web.DefaultSecurityFilterChain     : Will secure any request with [org.springframework.security.web.session.DisableEncodeUrlFilter@64209d58, org.springframework.security.web.context.request.async.WebAsyncManagerIntegrationFilter@2b851fe2, org.springframework.security.web.context.SecurityContextHolderFilter@1e541278, org.springframework.security.web.header.HeaderWriterFilter@3e0426d2, org.springframework.web.filter.CorsFilter@3a76d39, org.springframework.security.web.csrf.CsrfFilter@7c3c5f1e, org.springframework.security.web.authentication.logout.LogoutFilter@43687885, org.springframework.security.web.authentication.UsernamePasswordAuthenticationFilter@2ae04d56, org.springframework.security.web.authentication.ui.DefaultLoginPageGeneratingFilter@e3c4681, org.springframework.security.web.authentication.ui.DefaultLogoutPageGeneratingFilter@624bc592, org.springframework.security.web.authentication.www.BasicAuthenticationFilter@72a265ea, org.springframework.security.web.savedrequest.RequestCacheAwareFilter@8e7a03, org.springframework.security.web.servletapi.SecurityContextHolderAwareRequestFilter@1191c0d7, org.springframework.security.web.authentication.AnonymousAuthenticationFilter@2614ede, org.springframework.security.web.access.ExceptionTranslationFilter@78ed3c71, org.springframework.security.web.access.intercept.AuthorizationFilter@2a4ca4ca]
2025-12-23T21:44:20.410+01:00 DEBUG 39108 --- [           main] c.h.d.security.JwtAuthenticationFilter   : Filter 'jwtAuthenticationFilter' configured for use
2025-12-23T21:44:20.411+01:00  INFO 39108 --- [           main] o.s.b.t.m.w.SpringBootMockServletContext : Initializing Spring TestDispatcherServlet ''
2025-12-23T21:44:20.411+01:00  INFO 39108 --- [           main] o.s.t.web.servlet.TestDispatcherServlet  : Initializing Servlet ''
2025-12-23T21:44:20.411+01:00  INFO 39108 --- [           main] o.s.t.web.servlet.TestDispatcherServlet  : Completed initialization in 0 ms
2025-12-23T21:44:20.428+01:00  INFO 39108 --- [           main] c.h.d.controllers.ReportControllerTest   : Started ReportControllerTest in 0.298 seconds (process running for 14.114)
2025-12-23T21:44:20.435+01:00  WARN 39108 --- [           main] o.s.w.s.h.HandlerMappingIntrospector     : Cache miss for REQUEST dispatch to '/api/reports/1' (previous null). Performing CorsConfiguration lookup. This is logged once only at WARN level, and every time at TRACE.
[INFO] Tests run: 4, Failures: 0, Errors: 0, Skipped: 0, Time elapsed: 0.345 s -- in com.healthcare.dashboard.controllers.ReportControllerTest
[INFO] Running com.healthcare.dashboard.controllers.SejourControllerTest
2025-12-23T21:44:20.470+01:00  INFO 39108 --- [           main] t.c.s.AnnotationConfigContextLoaderUtils : Could not detect default configuration classes for test class [com.healthcare.dashboard.controllers.SejourControllerTest]: SejourControllerTest does not declare any static, non-private, non-final, nested classes annotated with @Configuration.
2025-12-23T21:44:20.475+01:00  INFO 39108 --- [           main] .b.t.c.SpringBootTestContextBootstrapper : Found @SpringBootConfiguration com.healthcare.dashboard.HealthcareDashboardApplication for test class com.healthcare.dashboard.controllers.SejourControllerTest
2025-12-23T21:44:20.479+01:00  INFO 39108 --- [           main] o.s.b.d.r.RestartApplicationListener     : Restart disabled due to context in which it is running

  .   ____          _            __ _ _
 /\\ / ___'_ __ _ _(_)_ __  __ _ \ \ \ \
( ( )\___ | '_ | '_| | '_ \/ _` | \ \ \ \
 \\/  ___)| |_)| | | | | || (_| |  ) ) ) )
  '  |____| .__|_| |_|_| |_\__, | / / / /
 =========|_|==============|___/=/_/_/_/
 :: Spring Boot ::                (v3.2.0)

2025-12-23T21:44:20.498+01:00  INFO 39108 --- [           main] c.h.d.controllers.SejourControllerTest   : Starting SejourControllerTest using Java 22.0.2 with PID 39108 (started by ghbou in C:\Users\ghbou\OneDrive\Desktop\Projet Flutter\backend)
2025-12-23T21:44:20.498+01:00 DEBUG 39108 --- [           main] c.h.d.controllers.SejourControllerTest   : Running with Spring Boot v3.2.0, Spring v6.1.1
2025-12-23T21:44:20.498+01:00  INFO 39108 --- [           main] c.h.d.controllers.SejourControllerTest   : No active profile set, falling back to 1 default profile: "default"
2025-12-23T21:44:20.739+01:00  INFO 39108 --- [           main] o.s.s.web.DefaultSecurityFilterChain     : Will secure any request with [org.springframework.security.web.session.DisableEncodeUrlFilter@142c4dd6, org.springframework.security.web.context.request.async.WebAsyncManagerIntegrationFilter@5b3ab554, org.springframework.security.web.context.SecurityContextHolderFilter@697b1b46, org.springframework.security.web.header.HeaderWriterFilter@3dcde74, org.springframework.web.filter.CorsFilter@46c22594, org.springframework.security.web.csrf.CsrfFilter@4e99e262, org.springframework.security.web.authentication.logout.LogoutFilter@399a4cd1, org.springframework.security.web.authentication.UsernamePasswordAuthenticationFilter@53b6d9, org.springframework.security.web.authentication.ui.DefaultLoginPageGeneratingFilter@636671c1, org.springframework.security.web.authentication.ui.DefaultLogoutPageGeneratingFilter@5170c12d, org.springframework.security.web.authentication.www.BasicAuthenticationFilter@536889a8, org.springframework.security.web.savedrequest.RequestCacheAwareFilter@68f07ef9, org.springframework.security.web.servletapi.SecurityContextHolderAwareRequestFilter@6ac301e, org.springframework.security.web.authentication.AnonymousAuthenticationFilter@27446428, org.springframework.security.web.access.ExceptionTranslationFilter@1b3ea198, org.springframework.security.web.access.intercept.AuthorizationFilter@6b4483a4]
2025-12-23T21:44:20.748+01:00 DEBUG 39108 --- [           main] c.h.d.security.JwtAuthenticationFilter   : Filter 'jwtAuthenticationFilter' configured for use
2025-12-23T21:44:20.748+01:00  INFO 39108 --- [           main] o.s.b.t.m.w.SpringBootMockServletContext : Initializing Spring TestDispatcherServlet ''
2025-12-23T21:44:20.748+01:00  INFO 39108 --- [           main] o.s.t.web.servlet.TestDispatcherServlet  : Initializing Servlet ''
2025-12-23T21:44:20.748+01:00  INFO 39108 --- [           main] o.s.t.web.servlet.TestDispatcherServlet  : Completed initialization in 0 ms
2025-12-23T21:44:20.752+01:00  INFO 39108 --- [           main] c.h.d.controllers.SejourControllerTest   : Started SejourControllerTest in 0.273 seconds (process running for 14.437)
2025-12-23T21:44:20.762+01:00  WARN 39108 --- [           main] o.s.w.s.h.HandlerMappingIntrospector     : Cache miss for REQUEST dispatch to '/api/sejours' (previous null). Performing CorsConfiguration lookup. This is logged once only at WARN level, and every time at TRACE.
[INFO] Tests run: 7, Failures: 0, Errors: 0, Skipped: 0, Time elapsed: 0.351 s -- in com.healthcare.dashboard.controllers.SejourControllerTest
[INFO] Running com.healthcare.dashboard.controllers.ServiceControllerTest
2025-12-23T21:44:20.825+01:00  INFO 39108 --- [           main] t.c.s.AnnotationConfigContextLoaderUtils : Could not detect default configuration classes for test class [com.healthcare.dashboard.controllers.ServiceControllerTest]: ServiceControllerTest does not declare any static, non-private, non-final, nested classes annotated with @Configuration.
2025-12-23T21:44:20.831+01:00  INFO 39108 --- [           main] .b.t.c.SpringBootTestContextBootstrapper : Found @SpringBootConfiguration com.healthcare.dashboard.HealthcareDashboardApplication for test class com.healthcare.dashboard.controllers.ServiceControllerTest
2025-12-23T21:44:20.836+01:00  INFO 39108 --- [           main] o.s.b.d.r.RestartApplicationListener     : Restart disabled due to context in which it is running

  .   ____          _            __ _ _
 /\\ / ___'_ __ _ _(_)_ __  __ _ \ \ \ \
( ( )\___ | '_ | '_| | '_ \/ _` | \ \ \ \
 \\/  ___)| |_)| | | | | || (_| |  ) ) ) )
  '  |____| .__|_| |_|_| |_\__, | / / / /
 =========|_|==============|___/=/_/_/_/
 :: Spring Boot ::                (v3.2.0)

2025-12-23T21:44:20.852+01:00  INFO 39108 --- [           main] c.h.d.controllers.ServiceControllerTest  : Starting ServiceControllerTest using Java 22.0.2 with PID 39108 (started by ghbou in C:\Users\ghbou\OneDrive\Desktop\Projet Flutter\backend)
2025-12-23T21:44:20.852+01:00 DEBUG 39108 --- [           main] c.h.d.controllers.ServiceControllerTest  : Running with Spring Boot v3.2.0, Spring v6.1.1
2025-12-23T21:44:20.853+01:00  INFO 39108 --- [           main] c.h.d.controllers.ServiceControllerTest  : No active profile set, falling back to 1 default profile: "default"
2025-12-23T21:44:21.135+01:00  INFO 39108 --- [           main] o.s.s.web.DefaultSecurityFilterChain     : Will secure any request with [org.springframework.security.web.session.DisableEncodeUrlFilter@723967b8, org.springframework.security.web.context.request.async.WebAsyncManagerIntegrationFilter@4d5647c4, org.springframework.security.web.context.SecurityContextHolderFilter@40609a70, org.springframework.security.web.header.HeaderWriterFilter@67872787, org.springframework.web.filter.CorsFilter@2a56ed77, org.springframework.security.web.csrf.CsrfFilter@8a0e51a, org.springframework.security.web.authentication.logout.LogoutFilter@323a27cb, org.springframework.security.web.authentication.UsernamePasswordAuthenticationFilter@6e012cdd, org.springframework.security.web.authentication.ui.DefaultLoginPageGeneratingFilter@26acdb, org.springframework.security.web.authentication.ui.DefaultLogoutPageGeneratingFilter@26f70ce0, org.springframework.security.web.authentication.www.BasicAuthenticationFilter@3e1e994, org.springframework.security.web.savedrequest.RequestCacheAwareFilter@4fe72f53, org.springframework.security.web.servletapi.SecurityContextHolderAwareRequestFilter@5ec3039b, org.springframework.security.web.authentication.AnonymousAuthenticationFilter@1fcaab21, org.springframework.security.web.access.ExceptionTranslationFilter@30b43024, org.springframework.security.web.access.intercept.AuthorizationFilter@de646d5]
2025-12-23T21:44:21.139+01:00 DEBUG 39108 --- [           main] c.h.d.security.JwtAuthenticationFilter   : Filter 'jwtAuthenticationFilter' configured for use
2025-12-23T21:44:21.139+01:00  INFO 39108 --- [           main] o.s.b.t.m.w.SpringBootMockServletContext : Initializing Spring TestDispatcherServlet ''
2025-12-23T21:44:21.139+01:00  INFO 39108 --- [           main] o.s.t.web.servlet.TestDispatcherServlet  : Initializing Servlet ''
2025-12-23T21:44:21.139+01:00  INFO 39108 --- [           main] o.s.t.web.servlet.TestDispatcherServlet  : Completed initialization in 0 ms
2025-12-23T21:44:21.142+01:00  INFO 39108 --- [           main] c.h.d.controllers.ServiceControllerTest  : Started ServiceControllerTest in 0.307 seconds (process running for 14.827)
2025-12-23T21:44:21.150+01:00  WARN 39108 --- [           main] o.s.w.s.h.HandlerMappingIntrospector     : Cache miss for REQUEST dispatch to '/api/services' (previous null). Performing CorsConfiguration lookup. This is logged once only at WARN level, and every time at TRACE.
[INFO] Tests run: 5, Failures: 0, Errors: 0, Skipped: 0, Time elapsed: 0.372 s -- in com.healthcare.dashboard.controllers.ServiceControllerTest
[INFO] Running com.healthcare.dashboard.controllers.SettingsControllerTest
2025-12-23T21:44:21.200+01:00  INFO 39108 --- [           main] t.c.s.AnnotationConfigContextLoaderUtils : Could not detect default configuration classes for test class [com.healthcare.dashboard.controllers.SettingsControllerTest]: SettingsControllerTest does not declare any static, non-private, non-final, nested classes annotated with @Configuration.
2025-12-23T21:44:21.204+01:00  INFO 39108 --- [           main] .b.t.c.SpringBootTestContextBootstrapper : Found @SpringBootConfiguration com.healthcare.dashboard.HealthcareDashboardApplication for test class com.healthcare.dashboard.controllers.SettingsControllerTest
2025-12-23T21:44:21.209+01:00  INFO 39108 --- [           main] o.s.b.d.r.RestartApplicationListener     : Restart disabled due to context in which it is running

  .   ____          _            __ _ _
 /\\ / ___'_ __ _ _(_)_ __  __ _ \ \ \ \
( ( )\___ | '_ | '_| | '_ \/ _` | \ \ \ \
 \\/  ___)| |_)| | | | | || (_| |  ) ) ) )
  '  |____| .__|_| |_|_| |_\__, | / / / /
 =========|_|==============|___/=/_/_/_/
 :: Spring Boot ::                (v3.2.0)

2025-12-23T21:44:21.225+01:00  INFO 39108 --- [           main] c.h.d.c.SettingsControllerTest           : Starting SettingsControllerTest using Java 22.0.2 with PID 39108 (started by ghbou in C:\Users\ghbou\OneDrive\Desktop\Projet Flutter\backend)
2025-12-23T21:44:21.225+01:00 DEBUG 39108 --- [           main] c.h.d.c.SettingsControllerTest           : Running with Spring Boot v3.2.0, Spring v6.1.1
2025-12-23T21:44:21.225+01:00  INFO 39108 --- [           main] c.h.d.c.SettingsControllerTest           : No active profile set, falling back to 1 default profile: "default"
2025-12-23T21:44:21.490+01:00  INFO 39108 --- [           main] o.s.s.web.DefaultSecurityFilterChain     : Will secure any request with [org.springframework.security.web.session.DisableEncodeUrlFilter@5356476a, org.springframework.security.web.context.request.async.WebAsyncManagerIntegrationFilter@7abd6930, org.springframework.security.web.context.SecurityContextHolderFilter@1704526e, org.springframework.security.web.header.HeaderWriterFilter@40ff3f2a, org.springframework.web.filter.CorsFilter@7c0e605d, org.springframework.security.web.csrf.CsrfFilter@7ca3a5fb, org.springframework.security.web.authentication.logout.LogoutFilter@64e0d362, org.springframework.security.web.authentication.UsernamePasswordAuthenticationFilter@4969fb89, org.springframework.security.web.authentication.ui.DefaultLoginPageGeneratingFilter@6a98e073, org.springframework.security.web.authentication.ui.DefaultLogoutPageGeneratingFilter@7f67d19a, org.springframework.security.web.authentication.www.BasicAuthenticationFilter@55cac412, org.springframework.security.web.savedrequest.RequestCacheAwareFilter@7669a108, org.springframework.security.web.servletapi.SecurityContextHolderAwareRequestFilter@53278352, org.springframework.security.web.authentication.AnonymousAuthenticationFilter@1e6bb40b, org.springframework.security.web.access.ExceptionTranslationFilter@2b51d740, org.springframework.security.web.access.intercept.AuthorizationFilter@2b704646]
2025-12-23T21:44:21.494+01:00 DEBUG 39108 --- [           main] c.h.d.security.JwtAuthenticationFilter   : Filter 'jwtAuthenticationFilter' configured for use
2025-12-23T21:44:21.495+01:00  INFO 39108 --- [           main] o.s.b.t.m.w.SpringBootMockServletContext : Initializing Spring TestDispatcherServlet ''
2025-12-23T21:44:21.495+01:00  INFO 39108 --- [           main] o.s.t.web.servlet.TestDispatcherServlet  : Initializing Servlet ''
2025-12-23T21:44:21.495+01:00  INFO 39108 --- [           main] o.s.t.web.servlet.TestDispatcherServlet  : Completed initialization in 0 ms
2025-12-23T21:44:21.497+01:00  INFO 39108 --- [           main] c.h.d.c.SettingsControllerTest           : Started SettingsControllerTest in 0.29 seconds (process running for 15.182)
2025-12-23T21:44:21.502+01:00  WARN 39108 --- [           main] o.s.w.s.h.HandlerMappingIntrospector     : Cache miss for REQUEST dispatch to '/api/settings/1' (previous null). Performing CorsConfiguration lookup. This is logged once only at WARN level, and every time at TRACE.
[INFO] Tests run: 5, Failures: 0, Errors: 0, Skipped: 0, Time elapsed: 0.345 s -- in com.healthcare.dashboard.controllers.SettingsControllerTest
[INFO] Running com.healthcare.dashboard.controllers.UserControllerTest
2025-12-23T21:44:21.545+01:00  INFO 39108 --- [           main] t.c.s.AnnotationConfigContextLoaderUtils : Could not detect default configuration classes for test class [com.healthcare.dashboard.controllers.UserControllerTest]: UserControllerTest does not declare any static, non-private, non-final, nested classes annotated with @Configuration.
2025-12-23T21:44:21.550+01:00  INFO 39108 --- [           main] .b.t.c.SpringBootTestContextBootstrapper : Found @SpringBootConfiguration com.healthcare.dashboard.HealthcareDashboardApplication for test class com.healthcare.dashboard.controllers.UserControllerTest
2025-12-23T21:44:21.552+01:00  INFO 39108 --- [           main] o.s.b.d.r.RestartApplicationListener     : Restart disabled due to context in which it is running

  .   ____          _            __ _ _
 /\\ / ___'_ __ _ _(_)_ __  __ _ \ \ \ \
( ( )\___ | '_ | '_| | '_ \/ _` | \ \ \ \
 \\/  ___)| |_)| | | | | || (_| |  ) ) ) )
  '  |____| .__|_| |_|_| |_\__, | / / / /
 =========|_|==============|___/=/_/_/_/
 :: Spring Boot ::                (v3.2.0)

2025-12-23T21:44:21.569+01:00  INFO 39108 --- [           main] c.h.d.controllers.UserControllerTest     : Starting UserControllerTest using Java 22.0.2 with PID 39108 (started by ghbou in C:\Users\ghbou\OneDrive\Desktop\Projet Flutter\backend)
2025-12-23T21:44:21.569+01:00 DEBUG 39108 --- [           main] c.h.d.controllers.UserControllerTest     : Running with Spring Boot v3.2.0, Spring v6.1.1
2025-12-23T21:44:21.569+01:00  INFO 39108 --- [           main] c.h.d.controllers.UserControllerTest     : No active profile set, falling back to 1 default profile: "default"
2025-12-23T21:44:21.809+01:00  INFO 39108 --- [           main] o.s.s.web.DefaultSecurityFilterChain     : Will secure any request with [org.springframework.security.web.session.DisableEncodeUrlFilter@22710469, org.springframework.security.web.context.request.async.WebAsyncManagerIntegrationFilter@272dba89, org.springframework.security.web.context.SecurityContextHolderFilter@1e0b53f6, org.springframework.security.web.header.HeaderWriterFilter@7e607638, org.springframework.web.filter.CorsFilter@11a33021, org.springframework.security.web.csrf.CsrfFilter@5359e290, org.springframework.security.web.authentication.logout.LogoutFilter@2d6f3ee8, org.springframework.security.web.authentication.UsernamePasswordAuthenticationFilter@4d4f6efb, org.springframework.security.web.authentication.ui.DefaultLoginPageGeneratingFilter@38cab2f5, org.springframework.security.web.authentication.ui.DefaultLogoutPageGeneratingFilter@17192bc, org.springframework.security.web.authentication.www.BasicAuthenticationFilter@3594aadb, org.springframework.security.web.savedrequest.RequestCacheAwareFilter@25a7fc5, org.springframework.security.web.servletapi.SecurityContextHolderAwareRequestFilter@4566ddd7, org.springframework.security.web.authentication.AnonymousAuthenticationFilter@2b899cb7, org.springframework.security.web.access.ExceptionTranslationFilter@79b7d980, org.springframework.security.web.access.intercept.AuthorizationFilter@19038b4d]
2025-12-23T21:44:21.815+01:00 DEBUG 39108 --- [           main] c.h.d.security.JwtAuthenticationFilter   : Filter 'jwtAuthenticationFilter' configured for use
2025-12-23T21:44:21.815+01:00  INFO 39108 --- [           main] o.s.b.t.m.w.SpringBootMockServletContext : Initializing Spring TestDispatcherServlet ''
2025-12-23T21:44:21.817+01:00  INFO 39108 --- [           main] o.s.t.web.servlet.TestDispatcherServlet  : Initializing Servlet ''
2025-12-23T21:44:21.817+01:00  INFO 39108 --- [           main] o.s.t.web.servlet.TestDispatcherServlet  : Completed initialization in 0 ms
2025-12-23T21:44:21.821+01:00  INFO 39108 --- [           main] c.h.d.controllers.UserControllerTest     : Started UserControllerTest in 0.269 seconds (process running for 15.506)
2025-12-23T21:44:21.833+01:00  WARN 39108 --- [           main] o.s.w.s.h.HandlerMappingIntrospector     : Cache miss for REQUEST dispatch to '/api/users' (previous null). Performing CorsConfiguration lookup. This is logged once only at WARN level, and every time at TRACE.
[INFO] Tests run: 5, Failures: 0, Errors: 0, Skipped: 0, Time elapsed: 0.343 s -- in com.healthcare.dashboard.controllers.UserControllerTest
[INFO] Running com.healthcare.dashboard.dto.ActesByTypeStatsDTOTest
[INFO] Tests run: 2, Failures: 0, Errors: 0, Skipped: 0, Time elapsed: 0.020 s -- in com.healthcare.dashboard.dto.ActesByTypeStatsDTOTest
[INFO] Running com.healthcare.dashboard.dto.DashboardStatsDTOTest
[INFO] Tests run: 2, Failures: 0, Errors: 0, Skipped: 0, Time elapsed: 0.003 s -- in com.healthcare.dashboard.dto.DashboardStatsDTOTest
[INFO] Running com.healthcare.dashboard.dto.JwtResponseTest
[INFO] Tests run: 2, Failures: 0, Errors: 0, Skipped: 0, Time elapsed: 0.002 s -- in com.healthcare.dashboard.dto.JwtResponseTest
[INFO] Running com.healthcare.dashboard.dto.LoginRequestTest
[INFO] Tests run: 2, Failures: 0, Errors: 0, Skipped: 0, Time elapsed: 0.003 s -- in com.healthcare.dashboard.dto.LoginRequestTest
[INFO] Running com.healthcare.dashboard.dto.PatientDTOTest
[INFO] Tests run: 2, Failures: 0, Errors: 0, Skipped: 0, Time elapsed: 0.005 s -- in com.healthcare.dashboard.dto.PatientDTOTest
[INFO] Running com.healthcare.dashboard.dto.RevenusByMonthStatsDTOTest
[INFO] Tests run: 2, Failures: 0, Errors: 0, Skipped: 0, Time elapsed: 0.001 s -- in com.healthcare.dashboard.dto.RevenusByMonthStatsDTOTest
[INFO] Running com.healthcare.dashboard.dto.SejoursByServiceStatsDTOTest
[INFO] Tests run: 2, Failures: 0, Errors: 0, Skipped: 0, Time elapsed: 0.002 s -- in com.healthcare.dashboard.dto.SejoursByServiceStatsDTOTest
[INFO] Running com.healthcare.dashboard.dto.SignupRequestTest
[INFO] Tests run: 2, Failures: 0, Errors: 0, Skipped: 0, Time elapsed: 0.003 s -- in com.healthcare.dashboard.dto.SignupRequestTest
[INFO] Running com.healthcare.dashboard.entities.ActeMedicalEntityTest
[INFO] Tests run: 3, Failures: 0, Errors: 0, Skipped: 0, Time elapsed: 0.007 s -- in com.healthcare.dashboard.entities.ActeMedicalEntityTest
[INFO] Running com.healthcare.dashboard.entities.AlertEntityTest
[INFO] Tests run: 3, Failures: 0, Errors: 0, Skipped: 0, Time elapsed: 0.004 s -- in com.healthcare.dashboard.entities.AlertEntityTest
[INFO] Running com.healthcare.dashboard.entities.MedecinEntityTest
[INFO] Tests run: 3, Failures: 0, Errors: 0, Skipped: 0, Time elapsed: 0.006 s -- in com.healthcare.dashboard.entities.MedecinEntityTest
[INFO] Running com.healthcare.dashboard.entities.PatientEntityTest
[INFO] Tests run: 4, Failures: 0, Errors: 0, Skipped: 0, Time elapsed: 0.005 s -- in com.healthcare.dashboard.entities.PatientEntityTest
[INFO] Running com.healthcare.dashboard.entities.RoleEntityTest
[INFO] Tests run: 2, Failures: 0, Errors: 0, Skipped: 0, Time elapsed: 0.001 s -- in com.healthcare.dashboard.entities.RoleEntityTest
[INFO] Running com.healthcare.dashboard.entities.SejourEntityTest
[INFO] Tests run: 3, Failures: 0, Errors: 0, Skipped: 0, Time elapsed: 0.006 s -- in com.healthcare.dashboard.entities.SejourEntityTest
[INFO] Running com.healthcare.dashboard.entities.ServiceEntityTest
[INFO] Tests run: 3, Failures: 0, Errors: 0, Skipped: 0, Time elapsed: 0.003 s -- in com.healthcare.dashboard.entities.ServiceEntityTest
[INFO] Running com.healthcare.dashboard.entities.UserEntityTest
[INFO] Tests run: 3, Failures: 0, Errors: 0, Skipped: 0, Time elapsed: 0.004 s -- in com.healthcare.dashboard.entities.UserEntityTest
[INFO] Running com.healthcare.dashboard.integration.PatientIntegrationTest
2025-12-23T21:44:21.984+01:00  INFO 39108 --- [           main] t.c.s.AnnotationConfigContextLoaderUtils : Could not detect default configuration classes for test class [com.healthcare.dashboard.integration.PatientIntegrationTest]: PatientIntegrationTest does not declare any static, non-private, non-final, nested classes annotated with @Configuration.
2025-12-23T21:44:21.997+01:00  INFO 39108 --- [           main] .b.t.c.SpringBootTestContextBootstrapper : Found @SpringBootConfiguration com.healthcare.dashboard.HealthcareDashboardApplication for test class com.healthcare.dashboard.integration.PatientIntegrationTest
2025-12-23T21:44:22.012+01:00  INFO 39108 --- [           main] o.s.b.d.r.RestartApplicationListener     : Restart disabled due to context in which it is running

  .   ____          _            __ _ _
 /\\ / ___'_ __ _ _(_)_ __  __ _ \ \ \ \
( ( )\___ | '_ | '_| | '_ \/ _` | \ \ \ \
 \\/  ___)| |_)| | | | | || (_| |  ) ) ) )
  '  |____| .__|_| |_|_| |_\__, | / / / /
 =========|_|==============|___/=/_/_/_/
 :: Spring Boot ::                (v3.2.0)

2025-12-23T21:44:22.029+01:00  INFO 39108 --- [           main] c.h.d.i.PatientIntegrationTest           : Starting PatientIntegrationTest using Java 22.0.2 with PID 39108 (started by ghbou in C:\Users\ghbou\OneDrive\Desktop\Projet Flutter\backend)
2025-12-23T21:44:22.030+01:00 DEBUG 39108 --- [           main] c.h.d.i.PatientIntegrationTest           : Running with Spring Boot v3.2.0, Spring v6.1.1
2025-12-23T21:44:22.030+01:00  INFO 39108 --- [           main] c.h.d.i.PatientIntegrationTest           : No active profile set, falling back to 1 default profile: "default"
2025-12-23T21:44:22.856+01:00  INFO 39108 --- [           main] .s.d.r.c.RepositoryConfigurationDelegate : Bootstrapping Spring Data JPA repositories in DEFAULT mode.
2025-12-23T21:44:22.975+01:00  INFO 39108 --- [           main] .s.d.r.c.RepositoryConfigurationDelegate : Finished Spring Data repository scanning in 96 ms. Found 12 JPA repository interfaces.
2025-12-23T21:44:24.381+01:00  INFO 39108 --- [           main] o.hibernate.jpa.internal.util.LogHelper  : HHH000204: Processing PersistenceUnitInfo [name: default]
2025-12-23T21:44:24.614+01:00  INFO 39108 --- [           main] org.hibernate.Version                    : HHH000412: Hibernate ORM core version 6.3.1.Final
2025-12-23T21:44:24.724+01:00  INFO 39108 --- [           main] o.h.c.internal.RegionFactoryInitiator    : HHH000026: Second-level cache disabled
2025-12-23T21:44:24.995+01:00  INFO 39108 --- [           main] o.s.o.j.p.SpringPersistenceUnitInfo      : No LoadTimeWeaver setup: ignoring JPA class transformer
2025-12-23T21:44:25.063+01:00  INFO 39108 --- [           main] com.zaxxer.hikari.HikariDataSource       : HikariPool-1 - Starting...
2025-12-23T21:44:25.776+01:00  INFO 39108 --- [           main] com.zaxxer.hikari.pool.HikariPool        : HikariPool-1 - Added connection conn0: url=jdbc:h2:mem:testdb user=SA
2025-12-23T21:44:25.781+01:00  INFO 39108 --- [           main] com.zaxxer.hikari.HikariDataSource       : HikariPool-1 - Start completed.
2025-12-23T21:44:25.857+01:00  WARN 39108 --- [           main] org.hibernate.orm.deprecation            : HHH90000025: H2Dialect does not need to be specified explicitly using 'hibernate.dialect' (remove the property setting and it will be selected by default)
2025-12-23T21:44:28.048+01:00  INFO 39108 --- [           main] o.h.e.t.j.p.i.JtaPlatformInitiator       : HHH000489: No JTA platform available (set 'hibernate.transaction.jta.platform' to enable JTA platform integration)
Hibernate: drop table if exists actes_medicaux cascade 
Hibernate: drop table if exists alerts cascade 
Hibernate: drop table if exists investments cascade 
Hibernate: drop table if exists medecins cascade 
Hibernate: drop table if exists patients cascade 
Hibernate: drop table if exists predictions cascade 
Hibernate: drop table if exists reports cascade 
Hibernate: drop table if exists roles cascade 
Hibernate: drop table if exists sejours cascade 
Hibernate: drop table if exists services cascade 
Hibernate: drop table if exists settings cascade 
Hibernate: drop table if exists user_roles cascade 
Hibernate: drop table if exists users cascade 
Hibernate: create table actes_medicaux (tarif float(53) not null, created_at timestamp(6), date_realisation timestamp(6) not null, id bigint generated by default as identity, sejour_id bigint not null, updated_at timestamp(6), code varchar(255) not null, libelle varchar(255) not null, medecin varchar(255), notes varchar(255), type varchar(255) not null, primary key (id))
Hibernate: create table alerts (lu boolean not null, resolu boolean not null, created_at timestamp(6), date_resolution timestamp(6), id bigint generated by default as identity, updated_at timestamp(6), assignea varchar(255), categorie varchar(255) not null, commentaire TEXT, message TEXT, priorite varchar(255) not null, titre varchar(255) not null, type varchar(255) not null, primary key (id))
Hibernate: create table investments (montant float(53) not null, retour_investissement float(53), created_at timestamp(6), date_fin_prevue timestamp(6), date_investissement timestamp(6) not null, id bigint generated by default as identity, updated_at timestamp(6), benefices_attendus TEXT, categorie varchar(255) not null, description TEXT, fournisseur varchar(255), nom varchar(255) not null, responsable varchar(255), statut varchar(255) not null, primary key (id))
Hibernate: create table medecins (created_at timestamp(6) not null, id bigint generated by default as identity, service_id bigint, updated_at timestamp(6), email varchar(255), nom varchar(255) not null, numero_inscription varchar(255) not null unique, prenom varchar(255) not null, specialite varchar(255) not null, statut varchar(255), telephone varchar(255), primary key (id))
Hibernate: create table patients (date_naissance date not null, created_at timestamp(6), id bigint generated by default as identity, updated_at timestamp(6), adresse varchar(255), email varchar(255), nom varchar(255) not null, numero_securite_sociale varchar(255) not null unique, prenom varchar(255) not null, sexe varchar(255), telephone varchar(255), primary key (id))
Hibernate: create table predictions (confiance float(53), created_at timestamp(6), id bigint generated by default as identity, periode_prevue timestamp(6) not null, updated_at timestamp(6), description TEXT, donnees_historiques TEXT, facteurs_cles TEXT, genere_par varchar(255), methodologie TEXT, recommandations TEXT, resultat_prediction TEXT, titre varchar(255) not null, type varchar(255) not null, primary key (id))
Hibernate: create table reports (created_at timestamp(6), date_debut timestamp(6) not null, date_fin timestamp(6) not null, id bigint generated by default as identity, updated_at timestamp(6), conclusions TEXT, donnees_principales TEXT, genere_par varchar(255), periode varchar(255) not null, recommandations TEXT, resume TEXT, statut varchar(255) not null, titre varchar(255) not null, type varchar(255) not null, primary key (id))
Hibernate: create table roles (created_at timestamp(6), id bigint generated by default as identity, description varchar(255), nom varchar(255) not null unique, primary key (id))
Hibernate: create table sejours (cout_total float(53), created_at timestamp(6), date_entree timestamp(6) not null, date_sortie timestamp(6), id bigint generated by default as identity, patient_id bigint not null, service_id bigint not null, updated_at timestamp(6), diagnostic varchar(255), motif varchar(255) not null, statut varchar(255) check (statut in ('EN_COURS','TERMINE','ANNULE')), type_admission varchar(255), primary key (id))
Hibernate: create table services (budget float(53), capacite integer, depense float(53), lits_disponibles integer, created_at timestamp(6), id bigint generated by default as identity, updated_at timestamp(6), description varchar(255), nom varchar(255) not null unique, responsable varchar(255), type varchar(255) not null, primary key (id))
Hibernate: create table settings (created_at timestamp(6), id bigint generated by default as identity, updated_at timestamp(6), categorie varchar(255) not null, cle varchar(255) not null unique, description TEXT, libelle varchar(255) not null, type_valeur varchar(255) not null, valeur TEXT, valeur_par_defaut varchar(255), primary key (id))
Hibernate: create table user_roles (role_id bigint not null, user_id bigint not null, primary key (role_id, user_id))
Hibernate: create table users (enabled boolean, created_at timestamp(6), id bigint generated by default as identity, updated_at timestamp(6), email varchar(255) not null unique, nom varchar(255) not null, password varchar(255) not null, prenom varchar(255) not null, username varchar(255) not null unique, primary key (id))
Hibernate: alter table if exists actes_medicaux add constraint FKnq66dog1njlqpypv7sux64b3d foreign key (sejour_id) references sejours
Hibernate: alter table if exists medecins add constraint FK78asdfpygp2ntwoqve0bg9wxw foreign key (service_id) references services
Hibernate: alter table if exists sejours add constraint FKrb701gdmrmct414q93hifw7yd foreign key (patient_id) references patients
Hibernate: alter table if exists sejours add constraint FKd473blq402ieqx4e84wua8cnu foreign key (service_id) references services
Hibernate: alter table if exists user_roles add constraint FKh8ciramu9cc9q3qcqiv4ue8a6 foreign key (role_id) references roles
Hibernate: alter table if exists user_roles add constraint FKhfh9dx7w3ubf1co1vdev94g3f foreign key (user_id) references users
2025-12-23T21:44:28.228+01:00  INFO 39108 --- [           main] j.LocalContainerEntityManagerFactoryBean : Initialized JPA EntityManagerFactory for persistence unit 'default'
2025-12-23T21:44:29.252+01:00  INFO 39108 --- [           main] o.s.d.j.r.query.QueryEnhancerFactory     : Hibernate is in classpath; If applicable, HQL parser will be used.
2025-12-23T21:44:31.483+01:00  WARN 39108 --- [           main] JpaBaseConfiguration$JpaWebConfiguration : spring.jpa.open-in-view is enabled by default. Therefore, database queries may be performed during view rendering. Explicitly configure spring.jpa.open-in-view to disable this warning
2025-12-23T21:44:32.186+01:00  INFO 39108 --- [           main] o.s.b.a.e.web.EndpointLinksResolver      : Exposing 1 endpoint(s) beneath base path '/actuator'
2025-12-23T21:44:32.267+01:00  INFO 39108 --- [           main] o.s.s.web.DefaultSecurityFilterChain     : Will secure any request with [org.springframework.security.web.session.DisableEncodeUrlFilter@12e40934, org.springframework.security.web.context.request.async.WebAsyncManagerIntegrationFilter@287beb0c, org.springframework.security.web.context.SecurityContextHolderFilter@7ae16ba8, org.springframework.security.web.header.HeaderWriterFilter@61d67570, org.springframework.web.filter.CorsFilter@60449e6b, org.springframework.security.web.authentication.logout.LogoutFilter@566ab94c, com.healthcare.dashboard.security.JwtAuthenticationFilter@791ffd25, org.springframework.security.web.savedrequest.RequestCacheAwareFilter@4a073080, org.springframework.security.web.servletapi.SecurityContextHolderAwareRequestFilter@505517e3, org.springframework.security.web.authentication.AnonymousAuthenticationFilter@2ac1d805, org.springframework.security.web.session.SessionManagementFilter@9ad6e2b, org.springframework.security.web.access.ExceptionTranslationFilter@727b060, org.springframework.security.web.access.intercept.AuthorizationFilter@35de1673]
2025-12-23T21:44:33.143+01:00 DEBUG 39108 --- [           main] c.h.d.security.JwtAuthenticationFilter   : Filter 'jwtAuthenticationFilter' configured for use
2025-12-23T21:44:33.144+01:00  INFO 39108 --- [           main] o.s.b.t.m.w.SpringBootMockServletContext : Initializing Spring TestDispatcherServlet ''
2025-12-23T21:44:33.144+01:00  INFO 39108 --- [           main] o.s.t.web.servlet.TestDispatcherServlet  : Initializing Servlet ''
2025-12-23T21:44:33.145+01:00  INFO 39108 --- [           main] o.s.t.web.servlet.TestDispatcherServlet  : Completed initialization in 1 ms
2025-12-23T21:44:33.267+01:00  INFO 39108 --- [           main] c.h.d.i.PatientIntegrationTest           : Started PatientIntegrationTest in 11.254 seconds (process running for 26.951)
Hibernate: insert into patients (adresse,created_at,date_naissance,email,nom,numero_securite_sociale,prenom,sexe,telephone,updated_at,id) values (?,?,?,?,?,?,?,?,?,?,default)
Hibernate: update patients set adresse=?,created_at=?,date_naissance=?,email=?,nom=?,numero_securite_sociale=?,prenom=?,sexe=?,telephone=?,updated_at=? where id=?
Hibernate: select p1_0.id,p1_0.adresse,p1_0.created_at,p1_0.date_naissance,p1_0.email,p1_0.nom,p1_0.numero_securite_sociale,p1_0.prenom,p1_0.sexe,p1_0.telephone,p1_0.updated_at from patients p1_0
[INFO] Tests run: 2, Failures: 0, Errors: 0, Skipped: 0, Time elapsed: 11.96 s -- in com.healthcare.dashboard.integration.PatientIntegrationTest
[INFO] Running com.healthcare.dashboard.security.CustomUserDetailsServiceTest
[INFO] Tests run: 5, Failures: 0, Errors: 0, Skipped: 0, Time elapsed: 0.060 s -- in com.healthcare.dashboard.security.CustomUserDetailsServiceTest
[INFO] Running com.healthcare.dashboard.security.JwtTokenProviderTest
[INFO] Tests run: 6, Failures: 0, Errors: 0, Skipped: 0, Time elapsed: 0.232 s -- in com.healthcare.dashboard.security.JwtTokenProviderTest
[INFO] Running com.healthcare.dashboard.services.ActeMedicalServiceTest
[INFO] Tests run: 12, Failures: 0, Errors: 0, Skipped: 0, Time elapsed: 0.275 s -- in com.healthcare.dashboard.services.ActeMedicalServiceTest
[INFO] Running com.healthcare.dashboard.services.AIServiceTest
java.lang.NullPointerEx
ception: Cannot invoke 
"org.springframework.ht
tp.ResponseEntity.getBo
dy()" because 
"response" is null
	at com.healthcare.dash
board.services.AIServic
e.askAI(AIService.java:
71)
	at com.healthcare.dash
board.services.AIServic
eTest.askAI_ShouldRetur
nError_WhenExceptionOcc
urs(AIServiceTest.java:
77)
	at java.base/jdk.inter
nal.reflect.DirectMetho
dHandleAccessor.invoke(
DirectMethodHandleAcces
sor.java:103)
	at java.base/java.lang
.reflect.Method.invoke(
Method.java:580)
	at org.junit.platform.
commons.util.Reflection
Utils.invokeMethod(Refl
ectionUtils.java:728)
	at org.junit.jupiter.e
ngine.execution.MethodI
nvocation.proceed(Metho
dInvocation.java:60)
	at org.junit.jupiter.e
ngine.execution.Invocat
ionInterceptorChain$Val
idatingInvocation.proce
ed(InvocationIntercepto
rChain.java:131)
	at org.junit.jupiter.e
ngine.extension.Timeout
Extension.intercept(Tim
eoutExtension.java:156)
	at org.junit.jupiter.e
ngine.extension.Timeout
Extension.interceptTest
ableMethod(TimeoutExten
sion.java:147)
	at org.junit.jupiter.e
ngine.extension.Timeout
Extension.interceptTest
Method(TimeoutExtension
.java:86)
	at org.junit.jupiter.e
ngine.execution.Interce
ptingExecutableInvoker$
ReflectiveInterceptorCa
ll.lambda$ofVoidMethod$
0(InterceptingExecutabl
eInvoker.java:103)
	at org.junit.jupiter.e
ngine.execution.Interce
ptingExecutableInvoker.
lambda$invoke$0(Interce
ptingExecutableInvoker.
java:93)
	at org.junit.jupiter.e
ngine.execution.Invocat
ionInterceptorChain$Int
erceptedInvocation.proc
eed(InvocationIntercept
orChain.java:106)
	at org.junit.jupiter.e
ngine.execution.Invocat
ionInterceptorChain.pro
ceed(InvocationIntercep
torChain.java:64)
	at org.junit.jupiter.e
ngine.execution.Invocat
ionInterceptorChain.cha
inAndInvoke(InvocationI
nterceptorChain.java:45
)
	at org.junit.jupiter.e
ngine.execution.Invocat
ionInterceptorChain.inv
oke(InvocationIntercept
orChain.java:37)
	at org.junit.jupiter.e
ngine.execution.Interce
ptingExecutableInvoker.
invoke(InterceptingExec
utableInvoker.java:92)
	at org.junit.jupiter.e
ngine.execution.Interce
ptingExecutableInvoker.
invoke(InterceptingExec
utableInvoker.java:86)
	at org.junit.jupiter.e
ngine.descriptor.TestMe
thodTestDescriptor.lamb
da$invokeTestMethod$7(T
estMethodTestDescriptor
.java:218)
	at org.junit.platform.
engine.support.hierarch
ical.ThrowableCollector
.execute(ThrowableColle
ctor.java:73)
	at org.junit.jupiter.e
ngine.descriptor.TestMe
thodTestDescriptor.invo
keTestMethod(TestMethod
TestDescriptor.java:214
)
	at org.junit.jupiter.e
ngine.descriptor.TestMe
thodTestDescriptor.exec
ute(TestMethodTestDescr
iptor.java:139)
	at org.junit.jupiter.e
ngine.descriptor.TestMe
thodTestDescriptor.exec
ute(TestMethodTestDescr
iptor.java:69)
	at org.junit.platform.
engine.support.hierarch
ical.NodeTestTask.lambd
a$executeRecursively$6(
NodeTestTask.java:151)
	at org.junit.platform.
engine.support.hierarch
ical.ThrowableCollector
.execute(ThrowableColle
ctor.java:73)
	at org.junit.platform.
engine.support.hierarch
ical.NodeTestTask.lambd
a$executeRecursively$8(
NodeTestTask.java:141)
	at org.junit.platform.
engine.support.hierarch
ical.Node.around(Node.j
ava:137)
	at org.junit.platform.
engine.support.hierarch
ical.NodeTestTask.lambd
a$executeRecursively$9(
NodeTestTask.java:139)
	at org.junit.platform.
engine.support.hierarch
ical.ThrowableCollector
.execute(ThrowableColle
ctor.java:73)
	at org.junit.platform.
engine.support.hierarch
ical.NodeTestTask.execu
teRecursively(NodeTestT
ask.java:138)
	at org.junit.platform.
engine.support.hierarch
ical.NodeTestTask.execu
te(NodeTestTask.java:95
)
	at java.base/java.util
.ArrayList.forEach(Arra
yList.java:1597)
	at org.junit.platform.
engine.support.hierarch
ical.SameThreadHierarch
icalTestExecutorService
.invokeAll(SameThreadHi
erarchicalTestExecutorS
ervice.java:41)
	at org.junit.platform.
engine.support.hierarch
ical.NodeTestTask.lambd
a$executeRecursively$6(
NodeTestTask.java:155)
	at org.junit.platform.
engine.support.hierarch
ical.ThrowableCollector
.execute(ThrowableColle
ctor.java:73)
	at org.junit.platform.
engine.support.hierarch
ical.NodeTestTask.lambd
a$executeRecursively$8(
NodeTestTask.java:141)
	at org.junit.platform.
engine.support.hierarch
ical.Node.around(Node.j
ava:137)
	at org.junit.platform.
engine.support.hierarch
ical.NodeTestTask.lambd
a$executeRecursively$9(
NodeTestTask.java:139)
	at org.junit.platform.
engine.support.hierarch
ical.ThrowableCollector
.execute(ThrowableColle
ctor.java:73)
	at org.junit.platform.
engine.support.hierarch
ical.NodeTestTask.execu
teRecursively(NodeTestT
ask.java:138)
	at org.junit.platform.
engine.support.hierarch
ical.NodeTestTask.execu
te(NodeTestTask.java:95
)
	at java.base/java.util
.ArrayList.forEach(Arra
yList.java:1597)
	at org.junit.platform.
engine.support.hierarch
ical.SameThreadHierarch
icalTestExecutorService
.invokeAll(SameThreadHi
erarchicalTestExecutorS
ervice.java:41)
	at org.junit.platform.
engine.support.hierarch
ical.NodeTestTask.lambd
a$executeRecursively$6(
NodeTestTask.java:155)
	at org.junit.platform.
engine.support.hierarch
ical.ThrowableCollector
.execute(ThrowableColle
ctor.java:73)
	at org.junit.platform.
engine.support.hierarch
ical.NodeTestTask.lambd
a$executeRecursively$8(
NodeTestTask.java:141)
	at org.junit.platform.
engine.support.hierarch
ical.Node.around(Node.j
ava:137)
	at org.junit.platform.
engine.support.hierarch
ical.NodeTestTask.lambd
a$executeRecursively$9(
NodeTestTask.java:139)
	at org.junit.platform.
engine.support.hierarch
ical.ThrowableCollector
.execute(ThrowableColle
ctor.java:73)
	at org.junit.platform.
engine.support.hierarch
ical.NodeTestTask.execu
teRecursively(NodeTestT
ask.java:138)
	at org.junit.platform.
engine.support.hierarch
ical.NodeTestTask.execu
te(NodeTestTask.java:95
)
	at org.junit.platform.
engine.support.hierarch
ical.SameThreadHierarch
icalTestExecutorService
.submit(SameThreadHiera
rchicalTestExecutorServ
ice.java:35)
	at org.junit.platform.
engine.support.hierarch
ical.HierarchicalTestEx
ecutor.execute(Hierarch
icalTestExecutor.java:5
7)
	at org.junit.platform.
engine.support.hierarch
ical.HierarchicalTestEn
gine.execute(Hierarchic
alTestEngine.java:54)
	at org.junit.platform.
launcher.core.EngineExe
cutionOrchestrator.exec
ute(EngineExecutionOrch
estrator.java:198)
	at org.junit.platform.
launcher.core.EngineExe
cutionOrchestrator.exec
ute(EngineExecutionOrch
estrator.java:169)
	at org.junit.platform.
launcher.core.EngineExe
cutionOrchestrator.exec
ute(EngineExecutionOrch
estrator.java:93)
	at org.junit.platform.
launcher.core.EngineExe
cutionOrchestrator.lamb
da$execute$0(EngineExec
utionOrchestrator.java:
58)
	at org.junit.platform.
launcher.core.EngineExe
cutionOrchestrator.with
InterceptedStreams(Engi
neExecutionOrchestrator
.java:141)
	at org.junit.platform.
launcher.core.EngineExe
cutionOrchestrator.exec
ute(EngineExecutionOrch
estrator.java:57)
	at org.junit.platform.
launcher.core.DefaultLa
uncher.execute(DefaultL
auncher.java:103)
	at org.junit.platform.
launcher.core.DefaultLa
uncher.execute(DefaultL
auncher.java:85)
	at org.junit.platform.
launcher.core.Delegatin
gLauncher.execute(Deleg
atingLauncher.java:47)
	at org.apache.maven.su
refire.junitplatform.La
zyLauncher.execute(Lazy
Launcher.java:56)
	at org.apache.maven.su
refire.junitplatform.JU
nitPlatformProvider.exe
cute(JUnitPlatformProvi
der.java:184)
	at org.apache.maven.su
refire.junitplatform.JU
nitPlatformProvider.inv
okeAllTests(JUnitPlatfo
rmProvider.java:148)
	at org.apache.maven.su
refire.junitplatform.JU
nitPlatformProvider.inv
oke(JUnitPlatformProvid
er.java:122)
	at org.apache.maven.su
refire.booter.ForkedBoo
ter.runSuitesInProcess(
ForkedBooter.java:385)
	at org.apache.maven.su
refire.booter.ForkedBoo
ter.execute(ForkedBoote
r.java:162)
	at org.apache.maven.su
refire.booter.ForkedBoo
ter.run(ForkedBooter.ja
va:507)
	at org.apache.maven.su
refire.booter.ForkedBoo
ter.main(ForkedBooter.j
ava:495)
[INFO] Tests run: 2, Failures: 0, Errors: 0, Skipped: 0, Time elapsed: 0.760 s -- in com.healthcare.dashboard.services.AIServiceTest
[INFO] Running com.healthcare.dashboard.services.DashboardServiceTest
[INFO] Tests run: 10, Failures: 0, Errors: 0, Skipped: 0, Time elapsed: 0.036 s -- in com.healthcare.dashboard.services.DashboardServiceTest
[INFO] Running com.healthcare.dashboard.services.MedecinServiceTest
[INFO] Tests run: 11, Failures: 0, Errors: 0, Skipped: 0, Time elapsed: 0.149 s -- in com.healthcare.dashboard.services.MedecinServiceTest
[INFO] Running com.healthcare.dashboard.services.MLPredictionServiceTest
[INFO] Tests run: 16, Failures: 0, Errors: 0, Skipped: 0, Time elapsed: 0.106 s -- in com.healthcare.dashboard.services.MLPredictionServiceTest
[INFO] Running com.healthcare.dashboard.services.PatientServiceTest
[INFO] Tests run: 12, Failures: 0, Errors: 0, Skipped: 0, Time elapsed: 0.043 s -- in com.healthcare.dashboard.services.PatientServiceTest
[INFO] Running com.healthcare.dashboard.services.PredictionServiceTest
org.springframework.web
.client.HttpClientError
Exception$BadRequest: 
400 Bad Request: 
"{<EOL>  "error": 
{<EOL>    "code": 
400,<EOL>    
"message": "API key 
not valid. Please pass 
a valid API 
key.",<EOL>    
"status": "INVALID_ARGU
MENT",<EOL>    
"details": [<EOL>      
{<EOL>        "@type": 
"type.googleapis.com/go
ogle.rpc.ErrorInfo",<EO
L>        "reason": "AP
I_KEY_INVALID",<EOL>   
     "domain": 
"googleapis.com",<EOL> 
       "metadata": 
{<EOL>          
"service": "generativel
anguage.googleapis.com"
<EOL>        }<EOL>    
  },<EOL>      {<EOL>  
      "@type": "type.go
ogleapis.com/google.rpc
.LocalizedMessage",<EOL
>        "locale": 
"en-US",<EOL>        
"message": "API key 
not valid. Please pass 
a valid API key."<EOL> 
     }<EOL>    ]<EOL>  
}<EOL>}<EOL>"
	at org.springframework
.web.client.HttpClientE
rrorException.create(Ht
tpClientErrorException.
java:103)
	at org.springframework
.web.client.DefaultResp
onseErrorHandler.handle
Error(DefaultResponseEr
rorHandler.java:183)
	at org.springframework
.web.client.DefaultResp
onseErrorHandler.handle
Error(DefaultResponseEr
rorHandler.java:137)
	at org.springframework
.web.client.ResponseErr
orHandler.handleError(R
esponseErrorHandler.jav
a:63)
	at org.springframework
.web.client.RestTemplat
e.handleResponse(RestTe
mplate.java:932)
	at org.springframework
.web.client.RestTemplat
e.doExecute(RestTemplat
e.java:881)
	at org.springframework
.web.client.RestTemplat
e.execute(RestTemplate.
java:781)
	at org.springframework
.web.client.RestTemplat
e.exchange(RestTemplate
.java:663)
	at com.healthcare.dash
board.services.Predicti
onService.generatePredi
ction(PredictionService
.java:62)
	at com.healthcare.dash
board.services.Predicti
onServiceTest.generateP
rediction_OCCUPATION_Sh
ouldUseCorrectData(Pred
ictionServiceTest.java:
103)
	at java.base/jdk.inter
nal.reflect.DirectMetho
dHandleAccessor.invoke(
DirectMethodHandleAcces
sor.java:103)
	at java.base/java.lang
.reflect.Method.invoke(
Method.java:580)
	at org.junit.platform.
commons.util.Reflection
Utils.invokeMethod(Refl
ectionUtils.java:728)
	at org.junit.jupiter.e
ngine.execution.MethodI
nvocation.proceed(Metho
dInvocation.java:60)
	at org.junit.jupiter.e
ngine.execution.Invocat
ionInterceptorChain$Val
idatingInvocation.proce
ed(InvocationIntercepto
rChain.java:131)
	at org.junit.jupiter.e
ngine.extension.Timeout
Extension.intercept(Tim
eoutExtension.java:156)
	at org.junit.jupiter.e
ngine.extension.Timeout
Extension.interceptTest
ableMethod(TimeoutExten
sion.java:147)
	at org.junit.jupiter.e
ngine.extension.Timeout
Extension.interceptTest
Method(TimeoutExtension
.java:86)
	at org.junit.jupiter.e
ngine.execution.Interce
ptingExecutableInvoker$
ReflectiveInterceptorCa
ll.lambda$ofVoidMethod$
0(InterceptingExecutabl
eInvoker.java:103)
	at org.junit.jupiter.e
ngine.execution.Interce
ptingExecutableInvoker.
lambda$invoke$0(Interce
ptingExecutableInvoker.
java:93)
	at org.junit.jupiter.e
ngine.execution.Invocat
ionInterceptorChain$Int
erceptedInvocation.proc
eed(InvocationIntercept
orChain.java:106)
	at org.junit.jupiter.e
ngine.execution.Invocat
ionInterceptorChain.pro
ceed(InvocationIntercep
torChain.java:64)
	at org.junit.jupiter.e
ngine.execution.Invocat
ionInterceptorChain.cha
inAndInvoke(InvocationI
nterceptorChain.java:45
)
	at org.junit.jupiter.e
ngine.execution.Invocat
ionInterceptorChain.inv
oke(InvocationIntercept
orChain.java:37)
	at org.junit.jupiter.e
ngine.execution.Interce
ptingExecutableInvoker.
invoke(InterceptingExec
utableInvoker.java:92)
	at org.junit.jupiter.e
ngine.execution.Interce
ptingExecutableInvoker.
invoke(InterceptingExec
utableInvoker.java:86)
	at org.junit.jupiter.e
ngine.descriptor.TestMe
thodTestDescriptor.lamb
da$invokeTestMethod$7(T
estMethodTestDescriptor
.java:218)
	at org.junit.platform.
engine.support.hierarch
ical.ThrowableCollector
.execute(ThrowableColle
ctor.java:73)
	at org.junit.jupiter.e
ngine.descriptor.TestMe
thodTestDescriptor.invo
keTestMethod(TestMethod
TestDescriptor.java:214
)
	at org.junit.jupiter.e
ngine.descriptor.TestMe
thodTestDescriptor.exec
ute(TestMethodTestDescr
iptor.java:139)
	at org.junit.jupiter.e
ngine.descriptor.TestMe
thodTestDescriptor.exec
ute(TestMethodTestDescr
iptor.java:69)
	at org.junit.platform.
engine.support.hierarch
ical.NodeTestTask.lambd
a$executeRecursively$6(
NodeTestTask.java:151)
	at org.junit.platform.
engine.support.hierarch
ical.ThrowableCollector
.execute(ThrowableColle
ctor.java:73)
	at org.junit.platform.
engine.support.hierarch
ical.NodeTestTask.lambd
a$executeRecursively$8(
NodeTestTask.java:141)
	at org.junit.platform.
engine.support.hierarch
ical.Node.around(Node.j
ava:137)
	at org.junit.platform.
engine.support.hierarch
ical.NodeTestTask.lambd
a$executeRecursively$9(
NodeTestTask.java:139)
	at org.junit.platform.
engine.support.hierarch
ical.ThrowableCollector
.execute(ThrowableColle
ctor.java:73)
	at org.junit.platform.
engine.support.hierarch
ical.NodeTestTask.execu
teRecursively(NodeTestT
ask.java:138)
	at org.junit.platform.
engine.support.hierarch
ical.NodeTestTask.execu
te(NodeTestTask.java:95
)
	at java.base/java.util
.ArrayList.forEach(Arra
yList.java:1597)
	at org.junit.platform.
engine.support.hierarch
ical.SameThreadHierarch
icalTestExecutorService
.invokeAll(SameThreadHi
erarchicalTestExecutorS
ervice.java:41)
	at org.junit.platform.
engine.support.hierarch
ical.NodeTestTask.lambd
a$executeRecursively$6(
NodeTestTask.java:155)
	at org.junit.platform.
engine.support.hierarch
ical.ThrowableCollector
.execute(ThrowableColle
ctor.java:73)
	at org.junit.platform.
engine.support.hierarch
ical.NodeTestTask.lambd
a$executeRecursively$8(
NodeTestTask.java:141)
	at org.junit.platform.
engine.support.hierarch
ical.Node.around(Node.j
ava:137)
	at org.junit.platform.
engine.support.hierarch
ical.NodeTestTask.lambd
a$executeRecursively$9(
NodeTestTask.java:139)
	at org.junit.platform.
engine.support.hierarch
ical.ThrowableCollector
.execute(ThrowableColle
ctor.java:73)
	at org.junit.platform.
engine.support.hierarch
ical.NodeTestTask.execu
teRecursively(NodeTestT
ask.java:138)
	at org.junit.platform.
engine.support.hierarch
ical.NodeTestTask.execu
te(NodeTestTask.java:95
)
	at java.base/java.util
.ArrayList.forEach(Arra
yList.java:1597)
	at org.junit.platform.
engine.support.hierarch
ical.SameThreadHierarch
icalTestExecutorService
.invokeAll(SameThreadHi
erarchicalTestExecutorS
ervice.java:41)
	at org.junit.platform.
engine.support.hierarch
ical.NodeTestTask.lambd
a$executeRecursively$6(
NodeTestTask.java:155)
	at org.junit.platform.
engine.support.hierarch
ical.ThrowableCollector
.execute(ThrowableColle
ctor.java:73)
	at org.junit.platform.
engine.support.hierarch
ical.NodeTestTask.lambd
a$executeRecursively$8(
NodeTestTask.java:141)
	at org.junit.platform.
engine.support.hierarch
ical.Node.around(Node.j
ava:137)
	at org.junit.platform.
engine.support.hierarch
ical.NodeTestTask.lambd
a$executeRecursively$9(
NodeTestTask.java:139)
	at org.junit.platform.
engine.support.hierarch
ical.ThrowableCollector
.execute(ThrowableColle
ctor.java:73)
	at org.junit.platform.
engine.support.hierarch
ical.NodeTestTask.execu
teRecursively(NodeTestT
ask.java:138)
	at org.junit.platform.
engine.support.hierarch
ical.NodeTestTask.execu
te(NodeTestTask.java:95
)
	at org.junit.platform.
engine.support.hierarch
ical.SameThreadHierarch
icalTestExecutorService
.submit(SameThreadHiera
rchicalTestExecutorServ
ice.java:35)
	at org.junit.platform.
engine.support.hierarch
ical.HierarchicalTestEx
ecutor.execute(Hierarch
icalTestExecutor.java:5
7)
	at org.junit.platform.
engine.support.hierarch
ical.HierarchicalTestEn
gine.execute(Hierarchic
alTestEngine.java:54)
	at org.junit.platform.
launcher.core.EngineExe
cutionOrchestrator.exec
ute(EngineExecutionOrch
estrator.java:198)
	at org.junit.platform.
launcher.core.EngineExe
cutionOrchestrator.exec
ute(EngineExecutionOrch
estrator.java:169)
	at org.junit.platform.
launcher.core.EngineExe
cutionOrchestrator.exec
ute(EngineExecutionOrch
estrator.java:93)
	at org.junit.platform.
launcher.core.EngineExe
cutionOrchestrator.lamb
da$execute$0(EngineExec
utionOrchestrator.java:
58)
	at org.junit.platform.
launcher.core.EngineExe
cutionOrchestrator.with
InterceptedStreams(Engi
neExecutionOrchestrator
.java:141)
	at org.junit.platform.
launcher.core.EngineExe
cutionOrchestrator.exec
ute(EngineExecutionOrch
estrator.java:57)
	at org.junit.platform.
launcher.core.DefaultLa
uncher.execute(DefaultL
auncher.java:103)
	at org.junit.platform.
launcher.core.DefaultLa
uncher.execute(DefaultL
auncher.java:85)
	at org.junit.platform.
launcher.core.Delegatin
gLauncher.execute(Deleg
atingLauncher.java:47)
	at org.apache.maven.su
refire.junitplatform.La
zyLauncher.execute(Lazy
Launcher.java:56)
	at org.apache.maven.su
refire.junitplatform.JU
nitPlatformProvider.exe
cute(JUnitPlatformProvi
der.java:184)
	at org.apache.maven.su
refire.junitplatform.JU
nitPlatformProvider.inv
okeAllTests(JUnitPlatfo
rmProvider.java:148)
	at org.apache.maven.su
refire.junitplatform.JU
nitPlatformProvider.inv
oke(JUnitPlatformProvid
er.java:122)
	at org.apache.maven.su
refire.booter.ForkedBoo
ter.runSuitesInProcess(
ForkedBooter.java:385)
	at org.apache.maven.su
refire.booter.ForkedBoo
ter.execute(ForkedBoote
r.java:162)
	at org.apache.maven.su
refire.booter.ForkedBoo
ter.run(ForkedBooter.ja
va:507)
	at org.apache.maven.su
refire.booter.ForkedBoo
ter.main(ForkedBooter.j
ava:495)
org.springframework.web
.client.HttpClientError
Exception$BadRequest: 
400 Bad Request: 
"{<EOL>  "error": 
{<EOL>    "code": 
400,<EOL>    
"message": "API key 
not valid. Please pass 
a valid API 
key.",<EOL>    
"status": "INVALID_ARGU
MENT",<EOL>    
"details": [<EOL>      
{<EOL>        "@type": 
"type.googleapis.com/go
ogle.rpc.ErrorInfo",<EO
L>        "reason": "AP
I_KEY_INVALID",<EOL>   
     "domain": 
"googleapis.com",<EOL> 
       "metadata": 
{<EOL>          
"service": "generativel
anguage.googleapis.com"
<EOL>        }<EOL>    
  },<EOL>      {<EOL>  
      "@type": "type.go
ogleapis.com/google.rpc
.LocalizedMessage",<EOL
>        "locale": 
"en-US",<EOL>        
"message": "API key 
not valid. Please pass 
a valid API key."<EOL> 
     }<EOL>    ]<EOL>  
}<EOL>}<EOL>"
	at org.springframework
.web.client.HttpClientE
rrorException.create(Ht
tpClientErrorException.
java:103)
	at org.springframework
.web.client.DefaultResp
onseErrorHandler.handle
Error(DefaultResponseEr
rorHandler.java:183)
	at org.springframework
.web.client.DefaultResp
onseErrorHandler.handle
Error(DefaultResponseEr
rorHandler.java:137)
	at org.springframework
.web.client.ResponseErr
orHandler.handleError(R
esponseErrorHandler.jav
a:63)
	at org.springframework
.web.client.RestTemplat
e.handleResponse(RestTe
mplate.java:932)
	at org.springframework
.web.client.RestTemplat
e.doExecute(RestTemplat
e.java:881)
	at org.springframework
.web.client.RestTemplat
e.execute(RestTemplate.
java:781)
	at org.springframework
.web.client.RestTemplat
e.exchange(RestTemplate
.java:663)
	at com.healthcare.dash
board.services.Predicti
onService.generatePredi
ction(PredictionService
.java:62)
	at com.healthcare.dash
board.services.Predicti
onServiceTest.generateP
rediction_PATIENTS_Shou
ldUseCorrectData(Predic
tionServiceTest.java:82
)
	at java.base/jdk.inter
nal.reflect.DirectMetho
dHandleAccessor.invoke(
DirectMethodHandleAcces
sor.java:103)
	at java.base/java.lang
.reflect.Method.invoke(
Method.java:580)
	at org.junit.platform.
commons.util.Reflection
Utils.invokeMethod(Refl
ectionUtils.java:728)
	at org.junit.jupiter.e
ngine.execution.MethodI
nvocation.proceed(Metho
dInvocation.java:60)
	at org.junit.jupiter.e
ngine.execution.Invocat
ionInterceptorChain$Val
idatingInvocation.proce
ed(InvocationIntercepto
rChain.java:131)
	at org.junit.jupiter.e
ngine.extension.Timeout
Extension.intercept(Tim
eoutExtension.java:156)
	at org.junit.jupiter.e
ngine.extension.Timeout
Extension.interceptTest
ableMethod(TimeoutExten
sion.java:147)
	at org.junit.jupiter.e
ngine.extension.Timeout
Extension.interceptTest
Method(TimeoutExtension
.java:86)
	at org.junit.jupiter.e
ngine.execution.Interce
ptingExecutableInvoker$
ReflectiveInterceptorCa
ll.lambda$ofVoidMethod$
0(InterceptingExecutabl
eInvoker.java:103)
	at org.junit.jupiter.e
ngine.execution.Interce
ptingExecutableInvoker.
lambda$invoke$0(Interce
ptingExecutableInvoker.
java:93)
	at org.junit.jupiter.e
ngine.execution.Invocat
ionInterceptorChain$Int
erceptedInvocation.proc
eed(InvocationIntercept
orChain.java:106)
	at org.junit.jupiter.e
ngine.execution.Invocat
ionInterceptorChain.pro
ceed(InvocationIntercep
torChain.java:64)
	at org.junit.jupiter.e
ngine.execution.Invocat
ionInterceptorChain.cha
inAndInvoke(InvocationI
nterceptorChain.java:45
)
	at org.junit.jupiter.e
ngine.execution.Invocat
ionInterceptorChain.inv
oke(InvocationIntercept
orChain.java:37)
	at org.junit.jupiter.e
ngine.execution.Interce
ptingExecutableInvoker.
invoke(InterceptingExec
utableInvoker.java:92)
	at org.junit.jupiter.e
ngine.execution.Interce
ptingExecutableInvoker.
invoke(InterceptingExec
utableInvoker.java:86)
	at org.junit.jupiter.e
ngine.descriptor.TestMe
thodTestDescriptor.lamb
da$invokeTestMethod$7(T
estMethodTestDescriptor
.java:218)
	at org.junit.platform.
engine.support.hierarch
ical.ThrowableCollector
.execute(ThrowableColle
ctor.java:73)
	at org.junit.jupiter.e
ngine.descriptor.TestMe
thodTestDescriptor.invo
keTestMethod(TestMethod
TestDescriptor.java:214
)
	at org.junit.jupiter.e
ngine.descriptor.TestMe
thodTestDescriptor.exec
ute(TestMethodTestDescr
iptor.java:139)
	at org.junit.jupiter.e
ngine.descriptor.TestMe
thodTestDescriptor.exec
ute(TestMethodTestDescr
iptor.java:69)
	at org.junit.platform.
engine.support.hierarch
ical.NodeTestTask.lambd
a$executeRecursively$6(
NodeTestTask.java:151)
	at org.junit.platform.
engine.support.hierarch
ical.ThrowableCollector
.execute(ThrowableColle
ctor.java:73)
	at org.junit.platform.
engine.support.hierarch
ical.NodeTestTask.lambd
a$executeRecursively$8(
NodeTestTask.java:141)
	at org.junit.platform.
engine.support.hierarch
ical.Node.around(Node.j
ava:137)
	at org.junit.platform.
engine.support.hierarch
ical.NodeTestTask.lambd
a$executeRecursively$9(
NodeTestTask.java:139)
	at org.junit.platform.
engine.support.hierarch
ical.ThrowableCollector
.execute(ThrowableColle
ctor.java:73)
	at org.junit.platform.
engine.support.hierarch
ical.NodeTestTask.execu
teRecursively(NodeTestT
ask.java:138)
	at org.junit.platform.
engine.support.hierarch
ical.NodeTestTask.execu
te(NodeTestTask.java:95
)
	at java.base/java.util
.ArrayList.forEach(Arra
yList.java:1597)
	at org.junit.platform.
engine.support.hierarch
ical.SameThreadHierarch
icalTestExecutorService
.invokeAll(SameThreadHi
erarchicalTestExecutorS
ervice.java:41)
	at org.junit.platform.
engine.support.hierarch
ical.NodeTestTask.lambd
a$executeRecursively$6(
NodeTestTask.java:155)
	at org.junit.platform.
engine.support.hierarch
ical.ThrowableCollector
.execute(ThrowableColle
ctor.java:73)
	at org.junit.platform.
engine.support.hierarch
ical.NodeTestTask.lambd
a$executeRecursively$8(
NodeTestTask.java:141)
	at org.junit.platform.
engine.support.hierarch
ical.Node.around(Node.j
ava:137)
	at org.junit.platform.
engine.support.hierarch
ical.NodeTestTask.lambd
a$executeRecursively$9(
NodeTestTask.java:139)
	at org.junit.platform.
engine.support.hierarch
ical.ThrowableCollector
.execute(ThrowableColle
ctor.java:73)
	at org.junit.platform.
engine.support.hierarch
ical.NodeTestTask.execu
teRecursively(NodeTestT
ask.java:138)
	at org.junit.platform.
engine.support.hierarch
ical.NodeTestTask.execu
te(NodeTestTask.java:95
)
	at java.base/java.util
.ArrayList.forEach(Arra
yList.java:1597)
	at org.junit.platform.
engine.support.hierarch
ical.SameThreadHierarch
icalTestExecutorService
.invokeAll(SameThreadHi
erarchicalTestExecutorS
ervice.java:41)
	at org.junit.platform.
engine.support.hierarch
ical.NodeTestTask.lambd
a$executeRecursively$6(
NodeTestTask.java:155)
	at org.junit.platform.
engine.support.hierarch
ical.ThrowableCollector
.execute(ThrowableColle
ctor.java:73)
	at org.junit.platform.
engine.support.hierarch
ical.NodeTestTask.lambd
a$executeRecursively$8(
NodeTestTask.java:141)
	at org.junit.platform.
engine.support.hierarch
ical.Node.around(Node.j
ava:137)
	at org.junit.platform.
engine.support.hierarch
ical.NodeTestTask.lambd
a$executeRecursively$9(
NodeTestTask.java:139)
	at org.junit.platform.
engine.support.hierarch
ical.ThrowableCollector
.execute(ThrowableColle
ctor.java:73)
	at org.junit.platform.
engine.support.hierarch
ical.NodeTestTask.execu
teRecursively(NodeTestT
ask.java:138)
	at org.junit.platform.
engine.support.hierarch
ical.NodeTestTask.execu
te(NodeTestTask.java:95
)
	at org.junit.platform.
engine.support.hierarch
ical.SameThreadHierarch
icalTestExecutorService
.submit(SameThreadHiera
rchicalTestExecutorServ
ice.java:35)
	at org.junit.platform.
engine.support.hierarch
ical.HierarchicalTestEx
ecutor.execute(Hierarch
icalTestExecutor.java:5
7)
	at org.junit.platform.
engine.support.hierarch
ical.HierarchicalTestEn
gine.execute(Hierarchic
alTestEngine.java:54)
	at org.junit.platform.
launcher.core.EngineExe
cutionOrchestrator.exec
ute(EngineExecutionOrch
estrator.java:198)
	at org.junit.platform.
launcher.core.EngineExe
cutionOrchestrator.exec
ute(EngineExecutionOrch
estrator.java:169)
	at org.junit.platform.
launcher.core.EngineExe
cutionOrchestrator.exec
ute(EngineExecutionOrch
estrator.java:93)
	at org.junit.platform.
launcher.core.EngineExe
cutionOrchestrator.lamb
da$execute$0(EngineExec
utionOrchestrator.java:
58)
	at org.junit.platform.
launcher.core.EngineExe
cutionOrchestrator.with
InterceptedStreams(Engi
neExecutionOrchestrator
.java:141)
	at org.junit.platform.
launcher.core.EngineExe
cutionOrchestrator.exec
ute(EngineExecutionOrch
estrator.java:57)
	at org.junit.platform.
launcher.core.DefaultLa
uncher.execute(DefaultL
auncher.java:103)
	at org.junit.platform.
launcher.core.DefaultLa
uncher.execute(DefaultL
auncher.java:85)
	at org.junit.platform.
launcher.core.Delegatin
gLauncher.execute(Deleg
atingLauncher.java:47)
	at org.apache.maven.su
refire.junitplatform.La
zyLauncher.execute(Lazy
Launcher.java:56)
	at org.apache.maven.su
refire.junitplatform.JU
nitPlatformProvider.exe
cute(JUnitPlatformProvi
der.java:184)
	at org.apache.maven.su
refire.junitplatform.JU
nitPlatformProvider.inv
okeAllTests(JUnitPlatfo
rmProvider.java:148)
	at org.apache.maven.su
refire.junitplatform.JU
nitPlatformProvider.inv
oke(JUnitPlatformProvid
er.java:122)
	at org.apache.maven.su
refire.booter.ForkedBoo
ter.runSuitesInProcess(
ForkedBooter.java:385)
	at org.apache.maven.su
refire.booter.ForkedBoo
ter.execute(ForkedBoote
r.java:162)
	at org.apache.maven.su
refire.booter.ForkedBoo
ter.run(ForkedBooter.ja
va:507)
	at org.apache.maven.su
refire.booter.ForkedBoo
ter.main(ForkedBooter.j
ava:495)
org.springframework.web
.client.HttpClientError
Exception$BadRequest: 
400 Bad Request: 
"{<EOL>  "error": 
{<EOL>    "code": 
400,<EOL>    
"message": "API key 
not valid. Please pass 
a valid API 
key.",<EOL>    
"status": "INVALID_ARGU
MENT",<EOL>    
"details": [<EOL>      
{<EOL>        "@type": 
"type.googleapis.com/go
ogle.rpc.ErrorInfo",<EO
L>        "reason": "AP
I_KEY_INVALID",<EOL>   
     "domain": 
"googleapis.com",<EOL> 
       "metadata": 
{<EOL>          
"service": "generativel
anguage.googleapis.com"
<EOL>        }<EOL>    
  },<EOL>      {<EOL>  
      "@type": "type.go
ogleapis.com/google.rpc
.LocalizedMessage",<EOL
>        "locale": 
"en-US",<EOL>        
"message": "API key 
not valid. Please pass 
a valid API key."<EOL> 
     }<EOL>    ]<EOL>  
}<EOL>}<EOL>"
	at org.springframework
.web.client.HttpClientE
rrorException.create(Ht
tpClientErrorException.
java:103)
	at org.springframework
.web.client.DefaultResp
onseErrorHandler.handle
Error(DefaultResponseEr
rorHandler.java:183)
	at org.springframework
.web.client.DefaultResp
onseErrorHandler.handle
Error(DefaultResponseEr
rorHandler.java:137)
	at org.springframework
.web.client.ResponseErr
orHandler.handleError(R
esponseErrorHandler.jav
a:63)
	at org.springframework
.web.client.RestTemplat
e.handleResponse(RestTe
mplate.java:932)
	at org.springframework
.web.client.RestTemplat
e.doExecute(RestTemplat
e.java:881)
	at org.springframework
.web.client.RestTemplat
e.execute(RestTemplate.
java:781)
	at org.springframework
.web.client.RestTemplat
e.exchange(RestTemplate
.java:663)
	at com.healthcare.dash
board.services.Predicti
onService.generatePredi
ction(PredictionService
.java:62)
	at com.healthcare.dash
board.services.Predicti
onServiceTest.generateP
rediction_ShouldHandleE
rror_WhenApiCallFails(P
redictionServiceTest.ja
va:62)
	at java.base/jdk.inter
nal.reflect.DirectMetho
dHandleAccessor.invoke(
DirectMethodHandleAcces
sor.java:103)
	at java.base/java.lang
.reflect.Method.invoke(
Method.java:580)
	at org.junit.platform.
commons.util.Reflection
Utils.invokeMethod(Refl
ectionUtils.java:728)
	at org.junit.jupiter.e
ngine.execution.MethodI
nvocation.proceed(Metho
dInvocation.java:60)
	at org.junit.jupiter.e
ngine.execution.Invocat
ionInterceptorChain$Val
idatingInvocation.proce
ed(InvocationIntercepto
rChain.java:131)
	at org.junit.jupiter.e
ngine.extension.Timeout
Extension.intercept(Tim
eoutExtension.java:156)
	at org.junit.jupiter.e
ngine.extension.Timeout
Extension.interceptTest
ableMethod(TimeoutExten
sion.java:147)
	at org.junit.jupiter.e
ngine.extension.Timeout
Extension.interceptTest
Method(TimeoutExtension
.java:86)
	at org.junit.jupiter.e
ngine.execution.Interce
ptingExecutableInvoker$
ReflectiveInterceptorCa
ll.lambda$ofVoidMethod$
0(InterceptingExecutabl
eInvoker.java:103)
	at org.junit.jupiter.e
ngine.execution.Interce
ptingExecutableInvoker.
lambda$invoke$0(Interce
ptingExecutableInvoker.
java:93)
	at org.junit.jupiter.e
ngine.execution.Invocat
ionInterceptorChain$Int
erceptedInvocation.proc
eed(InvocationIntercept
orChain.java:106)
	at org.junit.jupiter.e
ngine.execution.Invocat
ionInterceptorChain.pro
ceed(InvocationIntercep
torChain.java:64)
	at org.junit.jupiter.e
ngine.execution.Invocat
ionInterceptorChain.cha
inAndInvoke(InvocationI
nterceptorChain.java:45
)
	at org.junit.jupiter.e
ngine.execution.Invocat
ionInterceptorChain.inv
oke(InvocationIntercept
orChain.java:37)
	at org.junit.jupiter.e
ngine.execution.Interce
ptingExecutableInvoker.
invoke(InterceptingExec
utableInvoker.java:92)
	at org.junit.jupiter.e
ngine.execution.Interce
ptingExecutableInvoker.
invoke(InterceptingExec
utableInvoker.java:86)
	at org.junit.jupiter.e
ngine.descriptor.TestMe
thodTestDescriptor.lamb
da$invokeTestMethod$7(T
estMethodTestDescriptor
.java:218)
	at org.junit.platform.
engine.support.hierarch
ical.ThrowableCollector
.execute(ThrowableColle
ctor.java:73)
	at org.junit.jupiter.e
ngine.descriptor.TestMe
thodTestDescriptor.invo
keTestMethod(TestMethod
TestDescriptor.java:214
)
	at org.junit.jupiter.e
ngine.descriptor.TestMe
thodTestDescriptor.exec
ute(TestMethodTestDescr
iptor.java:139)
	at org.junit.jupiter.e
ngine.descriptor.TestMe
thodTestDescriptor.exec
ute(TestMethodTestDescr
iptor.java:69)
	at org.junit.platform.
engine.support.hierarch
ical.NodeTestTask.lambd
a$executeRecursively$6(
NodeTestTask.java:151)
	at org.junit.platform.
engine.support.hierarch
ical.ThrowableCollector
.execute(ThrowableColle
ctor.java:73)
	at org.junit.platform.
engine.support.hierarch
ical.NodeTestTask.lambd
a$executeRecursively$8(
NodeTestTask.java:141)
	at org.junit.platform.
engine.support.hierarch
ical.Node.around(Node.j
ava:137)
	at org.junit.platform.
engine.support.hierarch
ical.NodeTestTask.lambd
a$executeRecursively$9(
NodeTestTask.java:139)
	at org.junit.platform.
engine.support.hierarch
ical.ThrowableCollector
.execute(ThrowableColle
ctor.java:73)
	at org.junit.platform.
engine.support.hierarch
ical.NodeTestTask.execu
teRecursively(NodeTestT
ask.java:138)
	at org.junit.platform.
engine.support.hierarch
ical.NodeTestTask.execu
te(NodeTestTask.java:95
)
	at java.base/java.util
.ArrayList.forEach(Arra
yList.java:1597)
	at org.junit.platform.
engine.support.hierarch
ical.SameThreadHierarch
icalTestExecutorService
.invokeAll(SameThreadHi
erarchicalTestExecutorS
ervice.java:41)
	at org.junit.platform.
engine.support.hierarch
ical.NodeTestTask.lambd
a$executeRecursively$6(
NodeTestTask.java:155)
	at org.junit.platform.
engine.support.hierarch
ical.ThrowableCollector
.execute(ThrowableColle
ctor.java:73)
	at org.junit.platform.
engine.support.hierarch
ical.NodeTestTask.lambd
a$executeRecursively$8(
NodeTestTask.java:141)
	at org.junit.platform.
engine.support.hierarch
ical.Node.around(Node.j
ava:137)
	at org.junit.platform.
engine.support.hierarch
ical.NodeTestTask.lambd
a$executeRecursively$9(
NodeTestTask.java:139)
	at org.junit.platform.
engine.support.hierarch
ical.ThrowableCollector
.execute(ThrowableColle
ctor.java:73)
	at org.junit.platform.
engine.support.hierarch
ical.NodeTestTask.execu
teRecursively(NodeTestT
ask.java:138)
	at org.junit.platform.
engine.support.hierarch
ical.NodeTestTask.execu
te(NodeTestTask.java:95
)
	at java.base/java.util
.ArrayList.forEach(Arra
yList.java:1597)
	at org.junit.platform.
engine.support.hierarch
ical.SameThreadHierarch
icalTestExecutorService
.invokeAll(SameThreadHi
erarchicalTestExecutorS
ervice.java:41)
	at org.junit.platform.
engine.support.hierarch
ical.NodeTestTask.lambd
a$executeRecursively$6(
NodeTestTask.java:155)
	at org.junit.platform.
engine.support.hierarch
ical.ThrowableCollector
.execute(ThrowableColle
ctor.java:73)
	at org.junit.platform.
engine.support.hierarch
ical.NodeTestTask.lambd
a$executeRecursively$8(
NodeTestTask.java:141)
	at org.junit.platform.
engine.support.hierarch
ical.Node.around(Node.j
ava:137)
	at org.junit.platform.
engine.support.hierarch
ical.NodeTestTask.lambd
a$executeRecursively$9(
NodeTestTask.java:139)
	at org.junit.platform.
engine.support.hierarch
ical.ThrowableCollector
.execute(ThrowableColle
ctor.java:73)
	at org.junit.platform.
engine.support.hierarch
ical.NodeTestTask.execu
teRecursively(NodeTestT
ask.java:138)
	at org.junit.platform.
engine.support.hierarch
ical.NodeTestTask.execu
te(NodeTestTask.java:95
)
	at org.junit.platform.
engine.support.hierarch
ical.SameThreadHierarch
icalTestExecutorService
.submit(SameThreadHiera
rchicalTestExecutorServ
ice.java:35)
	at org.junit.platform.
engine.support.hierarch
ical.HierarchicalTestEx
ecutor.execute(Hierarch
icalTestExecutor.java:5
7)
	at org.junit.platform.
engine.support.hierarch
ical.HierarchicalTestEn
gine.execute(Hierarchic
alTestEngine.java:54)
	at org.junit.platform.
launcher.core.EngineExe
cutionOrchestrator.exec
ute(EngineExecutionOrch
estrator.java:198)
	at org.junit.platform.
launcher.core.EngineExe
cutionOrchestrator.exec
ute(EngineExecutionOrch
estrator.java:169)
	at org.junit.platform.
launcher.core.EngineExe
cutionOrchestrator.exec
ute(EngineExecutionOrch
estrator.java:93)
	at org.junit.platform.
launcher.core.EngineExe
cutionOrchestrator.lamb
da$execute$0(EngineExec
utionOrchestrator.java:
58)
	at org.junit.platform.
launcher.core.EngineExe
cutionOrchestrator.with
InterceptedStreams(Engi
neExecutionOrchestrator
.java:141)
	at org.junit.platform.
launcher.core.EngineExe
cutionOrchestrator.exec
ute(EngineExecutionOrch
estrator.java:57)
	at org.junit.platform.
launcher.core.DefaultLa
uncher.execute(DefaultL
auncher.java:103)
	at org.junit.platform.
launcher.core.DefaultLa
uncher.execute(DefaultL
auncher.java:85)
	at org.junit.platform.
launcher.core.Delegatin
gLauncher.execute(Deleg
atingLauncher.java:47)
	at org.apache.maven.su
refire.junitplatform.La
zyLauncher.execute(Lazy
Launcher.java:56)
	at org.apache.maven.su
refire.junitplatform.JU
nitPlatformProvider.exe
cute(JUnitPlatformProvi
der.java:184)
	at org.apache.maven.su
refire.junitplatform.JU
nitPlatformProvider.inv
okeAllTests(JUnitPlatfo
rmProvider.java:148)
	at org.apache.maven.su
refire.junitplatform.JU
nitPlatformProvider.inv
oke(JUnitPlatformProvid
er.java:122)
	at org.apache.maven.su
refire.booter.ForkedBoo
ter.runSuitesInProcess(
ForkedBooter.java:385)
	at org.apache.maven.su
refire.booter.ForkedBoo
ter.execute(ForkedBoote
r.java:162)
	at org.apache.maven.su
refire.booter.ForkedBoo
ter.run(ForkedBooter.ja
va:507)
	at org.apache.maven.su
refire.booter.ForkedBoo
ter.main(ForkedBooter.j
ava:495)
[INFO] Tests run: 3, Failures: 0, Errors: 0, Skipped: 0, Time elapsed: 1.126 s -- in com.healthcare.dashboard.services.PredictionServiceTest
[INFO] Running com.healthcare.dashboard.services.SejourServiceTest
[INFO] Tests run: 13, Failures: 0, Errors: 0, Skipped: 0, Time elapsed: 0.048 s -- in com.healthcare.dashboard.services.SejourServiceTest
[INFO] Running com.healthcare.dashboard.services.ServiceMedicalServiceTest
[INFO] Tests run: 6, Failures: 0, Errors: 0, Skipped: 0, Time elapsed: 0.019 s -- in com.healthcare.dashboard.services.ServiceMedicalServiceTest
[INFO] 
[INFO] Results:
[INFO] 
[INFO] Tests run: 226, Failures: 0, Errors: 0, Skipped: 0
[INFO] 
[INFO] 
[INFO] --- jacoco:0.8.11:report (report) @ dashboard ---
[INFO] Loading execution data file C:\Users\ghbou\OneDrive\Desktop\Projet Flutter\backend\target\jacoco.exec
[INFO] Analyzed bundle 'Healthcare Dashboard Backend' with 66 classes
[INFO] ------------------------------------------------------------------------
[INFO] BUILD SUCCESS
[INFO] ------------------------------------------------------------------------
[INFO] Total time:  34.660 s
[INFO] Finished at: 2025-12-23T21:44:38+01:00
[INFO] ------------------------------------------------------------------------
